******************************************************************************
            TI ARM Clang Linker PC v2.1.3                      
******************************************************************************
>> Linked Thu Sep 17 14:49:14 2026

OUTPUT FILE NAME:   <enet_layer2_icssg_am64x-evm_r5fss0-0_freertos_ti-arm-clang.out>
ENTRY POINT SYMBOL: "_vectors"  address: 00000000


MEMORY CONFIGURATION

         name            origin    length      used     unused   attr    fill
----------------------  --------  ---------  --------  --------  ----  --------
  R5F_VECS              00000000   00000040  00000040  00000000  RWIX
  R5F_TCMA              00000040   00007fc0  00000000  00007fc0  RWIX
  R5F_TCMB0             41010000   00008000  00000000  00008000  RWIX
  FLASH                 60100000   00080000  00000000  00080000  RWIX
  MSRAM                 70080000   00160000  000a0ea8  000bf158  RWIX


SEGMENT ALLOCATION MAP

run origin  load origin   length   init length attrs members
----------  ----------- ---------- ----------- ----- -------
00000000    00000000    00000040   00000040    r-x
  00000000    00000000    00000040   00000040    r-x .vectors
70080000    70080000    0005f7fc   0005f7fc    r-x
  70080000    70080000    00040930   00040930    r-x .text
  700c0930    700c0930    00011e50   00011e50    r-- .rodata
  700d2780    700d2780    0000d07c   0000d07c    r-- .icssfw
700fef80    700fef80    0000e100   00000000    rw-
  700fef80    700fef80    0000e100   00000000    rw- .bss
70119e20    70119e20    00002400   00000000    rw-
  70119e20    70119e20    00000400   00000000    rw- .sysmem
  7011a220    7011a220    00002000   00000000    rw- .stack
7011c240    7011c240    000023c0   000023c0    rw-
  7011c240    7011c240    000023c0   000023c0    rw- .data
7011e600    7011e600    000028c8   000014c8    r-x
  7011e600    7011e600    00000c20   00000c20    r-x .text.hwi
  7011f220    7011f220    000004a0   000004a0    r-x .text.cache
  7011f6c0    7011f6c0    000002c0   000002c0    r-x .text.mpu
  7011f980    7011f980    00000140   00000140    r-x .text.boot
  7011fac0    7011fac0    00000008   00000008    r-x .text:abort
  7011fac8    7011fac8    00000100   00000000    r-- .irqstack
  7011fbc8    7011fbc8    00000100   00000000    r-- .fiqstack
  7011fcc8    7011fcc8    00001000   00000000    r-- .svcstack
  70120cc8    70120cc8    00000100   00000000    r-- .abortstack
  70120dc8    70120dc8    00000100   00000000    r-- .undefinedstack


SECTION ALLOCATION MAP

 output                                  attributes/
section   page    origin      length       input sections
--------  ----  ----------  ----------   ----------------
.vectors   0    00000000    00000040     
                  00000000    00000040     freertos.am64x.r5f.ti-arm-clang.debug.lib : HwiP_armv7r_vectors_freertos_asm.obj (.vectors)

.text      0    70080000    00040930     
                  70080000    000013b0     libc.a : _scanfi.c.obj (.text.__TI_scanfi)
                  700813b0    00000a34     freertos.am64x.r5f.ti-arm-clang.debug.lib : printf.obj (.text._vsnprintf)
                  70081de4    0000000c     libc.a : aeabi_portable.c.obj (.text.__aeabi_errno_addr)
                  70081df0    00000a00     enet-icssg.am64x.r5f.ti-arm-clang.debug.lib : icssg_utils.obj (.text.IcssgUtils_configSwtFw)
                  700827f0    0000089e                                                 : enet_udma.obj (.text.EnetDma_openTxCh)
                  7008308e    00000002     --HOLE-- [fill = 0]
                  70083090    00000854                                                 : icssg_utils.obj (.text.IcssgUtils_fwConfig)
                  700838e4    0000000c     libc.a : memory.c.obj (.text.malloc)
                  700838f0    000007cc     enet-icssg.am64x.r5f.ti-arm-clang.debug.lib : enet_udma_priv.obj (.text.EnetUdma_submitPkts)
                  700840bc    00000004     libc.a : _lock.c.obj (.text._nop)
                  700840c0    00000710     enet-icssg.am64x.r5f.ti-arm-clang.debug.lib : enet_udma.obj (.text.EnetDma_openRxCh)
                  700847d0    00000704                                                 : icssg.obj (.text.Icssg_open)
                  70084ed4    0000000c     freertos.am64x.r5f.ti-arm-clang.debug.lib : CpuId_armv7r_asm.obj (.text)
                  70084ee0    000006b2     drivers.am64x.r5f.ti-arm-clang.debug.lib : i2c_v0.obj (.text.I2C_primeTransfer)
                  70085592    00000002     --HOLE-- [fill = 0]
                  70085594    00000004     libc.a : fseek.c.obj (.text.fseek)
                  70085598    00000004     libsysbm.a : remove.c.obj (.text.remove)
                  7008559c    00000004     libclang_rt.builtins.a : aeabi_memcpy.S.obj (.text)
                  700855a0    000005f4     drivers.am64x.r5f.ti-arm-clang.debug.lib : sciclient_rm_irq.obj (.text.Sciclient_rmIrqRouteValidate)
                  70085b94    0000000c     --HOLE-- [fill = 0]
                  70085ba0    000005ca     enet-icssg.am64x.r5f.ti-arm-clang.debug.lib : enet_osal.obj (.text.EnetOsal_init)
                  7008616a    00000006     --HOLE-- [fill = 0]
                  70086170    00000550     drivers.am64x.r5f.ti-arm-clang.debug.lib : udma_rm.obj (.text.Udma_rmInit)
                  700866c0    00000548     enet-icssg.am64x.r5f.ti-arm-clang.debug.lib : enet_apputils.obj (.text.EnetAppUtils_printIcssgPaStats)
                  70086c08    00000008     --HOLE-- [fill = 0]
                  70086c10    00000548                                                 : icssg_utils.obj (.text.IcssgUtils_checkFwPoolMem)
                  70087158    00000008     --HOLE-- [fill = 0]
                  70087160    0000051e     freertos.am64x.r5f.ti-arm-clang.debug.lib : printf.obj (.text._ftoa)
                  7008767e    00000002     --HOLE-- [fill = 0]
                  70087680    0000051a     enet-icssg.am64x.r5f.ti-arm-clang.debug.lib : enet_udma_priv.obj (.text.EnetUdma_allocRing)
                  70087b9a    00000006     --HOLE-- [fill = 0]
                  70087ba0    00000506     enet_layer2_icssg.o (.text.EnetMp_rxTask)
                  700880a6    0000000a     --HOLE-- [fill = 0]
                  700880b0    000004d2     enet-icssg.am64x.r5f.ti-arm-clang.debug.lib : enet_apputils.obj (.text.EnetAppUtils_printIcssgMacPortStats)
                  70088582    00000006     --HOLE-- [fill = 0]
                  70088588    000004cc     libc.a : strtod.c.obj (.text.strtod)
                  70088a54    0000000c     --HOLE-- [fill = 0]
                  70088a60    000004c4     enet-icssg.am64x.r5f.ti-arm-clang.debug.lib : enet_appmemutils.obj (.text.EnetMem_initCore)
                  70088f24    0000000c     --HOLE-- [fill = 0]
                  70088f30    00000478     freertos.am64x.r5f.ti-arm-clang.debug.lib : printf.obj (.text._etoa)
                  700893a8    00000008     --HOLE-- [fill = 0]
                  700893b0    00000436     enet-icssg.am64x.r5f.ti-arm-clang.debug.lib : enet_rm.obj (.text.EnetRm_detachCore)
                  700897e6    0000000a     --HOLE-- [fill = 0]
                  700897f0    00000430                                                 : icssg.obj (.text.Icssg_ioctl)
                  70089c20    000003fc                                                 : enet_udma.obj (.text.EnetUdma_openRxCh)
                  7008a01c    00000004     --HOLE-- [fill = 0]
                  7008a020    000003f6                                                 : icssg.obj (.text.Icssg_registerIoctlHandler)
                  7008a416    0000000a     --HOLE-- [fill = 0]
                  7008a420    000003e8     enet_layer2_icssg.o (.text.EnetMp_mainTask)
                  7008a808    000003e4     libc.a : _printfi.c.obj (.text:__TI_printfi_minimal)
                  7008abec    00000004     --HOLE-- [fill = 0]
                  7008abf0    000003dc     drivers.am64x.r5f.ti-arm-clang.debug.lib : i2c_v0.obj (.text.I2C_hwiFxnController)
                  7008afcc    00000004     --HOLE-- [fill = 0]
                  7008afd0    000003d4     enet-icssg.am64x.r5f.ti-arm-clang.debug.lib : dp83867.obj (.text.Dp83867_printRegs)
                  7008b3a4    0000000c     --HOLE-- [fill = 0]
                  7008b3b0    000003d2     drivers.am64x.r5f.ti-arm-clang.debug.lib : soc.obj (.text.SOC_phyToVirt)
                  7008b782    0000000e     --HOLE-- [fill = 0]
                  7008b790    000003bc                                              : udma_soc.obj (.text.Udma_initDrvHandle)
                  7008bb4c    00000004     --HOLE-- [fill = 0]
                  7008bb50    000003b0     enet-icssg.am64x.r5f.ti-arm-clang.debug.lib : enet_rm.obj (.text.EnetRm_close)
                  7008bf00    000003a4                                                 : enet_udma_priv.obj (.text.EnetUdma_processRetrievedDesc)
                  7008c2a4    0000000c     --HOLE-- [fill = 0]
                  7008c2b0    0000039c     drivers.am64x.r5f.ti-arm-clang.debug.lib : udma_ch.obj (.text.Udma_chAllocResource)
                  7008c64c    00000004     --HOLE-- [fill = 0]
                  7008c650    00000372                                              : udma_rmcfg_common.obj (.text.UdmaRmInitPrms_init)
                  7008c9c2    0000000e     --HOLE-- [fill = 0]
                  7008c9d0    0000036e                                              : i2c_v0.obj (.text.I2C_open)
                  7008cd3e    00000002     --HOLE-- [fill = 0]
                  7008cd40    00000362                                              : pruicss_g_v0.obj (.text.PRUICSS_intcInit)
                  7008d0a2    0000000e     --HOLE-- [fill = 0]
                  7008d0b0    00000360                                              : udma_ch.obj (.text.Udma_chDisableTxChan)
                  7008d410    0000035a                                              : udma_event.obj (.text.Udma_eventConfig)
                  7008d76a    00000006     --HOLE-- [fill = 0]
                  7008d770    00000354     enet-icssg.am64x.r5f.ti-arm-clang.debug.lib : mdio.obj (.text.Mdio_open)
                  7008dac4    0000000c     --HOLE-- [fill = 0]
                  7008dad0    0000034e     drivers.am64x.r5f.ti-arm-clang.debug.lib : i2c_v0.obj (.text.I2C_hwiFxnTarget)
                  7008de1e    00000002     --HOLE-- [fill = 0]
                  7008de20    0000034e     enet-icssg.am64x.r5f.ti-arm-clang.debug.lib : icssg.obj (.text.Icssg_setDscpPriority)
                  7008e16e    00000002     --HOLE-- [fill = 0]
                  7008e170    00000340                                                 : enet_appmemutils.obj (.text.EnetMem_deInit)
                  7008e4b0    00000322     drivers.am64x.r5f.ti-arm-clang.debug.lib : soc.obj (.text.SOC_virtToPhy)
                  7008e7d2    0000000e     --HOLE-- [fill = 0]
                  7008e7e0    0000030c     enet-icssg.am64x.r5f.ti-arm-clang.debug.lib : icssg.obj (.text.Icssg_configAndDownloadFw)
                  7008eaec    00000004     --HOLE-- [fill = 0]
                  7008eaf0    00000306     drivers.am64x.r5f.ti-arm-clang.debug.lib : sciclient_rm_irq.obj (.text.Sciclient_rmIrqGetRoute)
                  7008edf6    0000000a     --HOLE-- [fill = 0]
                  7008ee00    000002fe     enet_layer2_icssg.o (.text.EnetMp_open)
                  7008f0fe    00000002     --HOLE-- [fill = 0]
                  7008f100    000002f4     drivers.am64x.r5f.ti-arm-clang.debug.lib : udma_event.obj (.text.Udma_eventReset)
                  7008f3f4    0000000c     --HOLE-- [fill = 0]
                  7008f400    000002de     enet_layer2_icssg.o (.text.EnetApp_initLinkArgs)
                  7008f6de    00000002     --HOLE-- [fill = 0]
                  7008f6e0    000002da     drivers.am64x.r5f.ti-arm-clang.debug.lib : sciclient.obj (.text.Sciclient_service)
                  7008f9ba    00000006     --HOLE-- [fill = 0]
                  7008f9c0    000002c8                                              : udma_ch.obj (.text.Udma_chDisableRxChan)
                  7008fc88    00000008     --HOLE-- [fill = 0]
                  7008fc90    000002ba     ti_enet_open_close.o (.text.EnetApp_enablePorts)
                  7008ff4a    00000006     --HOLE-- [fill = 0]
                  7008ff50    000002aa     enet-icssg.am64x.r5f.ti-arm-clang.debug.lib : enet_udma.obj (.text.EnetDma_closeRxCh)
                  700901fa    00000006     --HOLE-- [fill = 0]
                  70090200    00000294     drivers.am64x.r5f.ti-arm-clang.debug.lib : csl_bcdma.obj (.text.CSL_bcdmaChanOpCfgChan)
                  70090494    0000000c     --HOLE-- [fill = 0]
                  700904a0    00000292     enet-icssg.am64x.r5f.ti-arm-clang.debug.lib : enet_udma.obj (.text.EnetDma_closeTxCh)
                  70090732    0000000e     --HOLE-- [fill = 0]
                  70090740    0000028e                                                 : icssg.obj (.text.Icssg_setPriorityRegen)
                  700909ce    00000002     --HOLE-- [fill = 0]
                  700909d0    0000028c     libc.a : strtoll.c.obj (.text.strtoll)
                  70090c5c    00000004     --HOLE-- [fill = 0]
                  70090c60    00000282     enet-icssg.am64x.r5f.ti-arm-clang.debug.lib : enet_appmemutils.obj (.text.EnetMem_initMemObjs)
                  70090ee2    0000000e     --HOLE-- [fill = 0]
                  70090ef0    0000027a     freertos.am64x.r5f.ti-arm-clang.debug.lib : TimerP.obj (.text.TimerP_setup)
                  7009116a    00000006     --HOLE-- [fill = 0]
                  70091170    00000276     drivers.am64x.r5f.ti-arm-clang.debug.lib : uart_v0.obj (.text.UART_open)
                  700913e6    0000000a     --HOLE-- [fill = 0]
                  700913f0    00000260                                              : udma_ch.obj (.text.Udma_chConfigRx)
                  70091650    00000256     enet_layer2_icssg.o (.text.EnetMp_openDma)
                  700918a6    0000000a     --HOLE-- [fill = 0]
                  700918b0    00000248     drivers.am64x.r5f.ti-arm-clang.debug.lib : sciclient_rm_irq.obj (.text.Sciclient_rmIrqFindRoute)
                  70091af8    00000008     --HOLE-- [fill = 0]
                  70091b00    00000242                                              : uart_v0.obj (.text.UART_fifoConfig)
                  70091d42    0000000e     --HOLE-- [fill = 0]
                  70091d50    00000240                                              : uart_v0.obj (.text.UART_controllerIsr)
                  70091f90    0000023e     enet-icssg.am64x.r5f.ti-arm-clang.debug.lib : enetphy.obj (.text.EnetPhy_enableState)
                  700921ce    00000002     --HOLE-- [fill = 0]
                  700921d0    0000023e     freertos.am64x.r5f.ti-arm-clang.debug.lib : printf.obj (.text._ntoa_format)
                  7009240e    00000002     --HOLE-- [fill = 0]
                  70092410    00000238     enet_layer2_icssg.o (.text.EnetMp_close)
                  70092648    00000008     --HOLE-- [fill = 0]
                  70092650    00000236     enet-icssg.am64x.r5f.ti-arm-clang.debug.lib : enet_udma_priv.obj (.text.EnetUdma_initTxFreeDescQ)
                  70092886    0000000a     --HOLE-- [fill = 0]
                  70092890    00000236     freertos.am64x.r5f.ti-arm-clang.debug.lib : queue.obj (.text.xQueueSemaphoreTake)
                  70092ac6    00000002     --HOLE-- [fill = 0]
                  70092ac8    00000230     libc.a : strtoull.c.obj (.text.strtoull)
                  70092cf8    00000008     --HOLE-- [fill = 0]
                  70092d00    00000222     drivers.am64x.r5f.ti-arm-clang.debug.lib : udma_event.obj (.text.Udma_eventRegister)
                  70092f22    0000000e     --HOLE-- [fill = 0]
                  70092f30    00000220     freertos.am64x.r5f.ti-arm-clang.debug.lib : queue.obj (.text.xQueueGenericSend)
                  70093150    0000021e     enet-icssg.am64x.r5f.ti-arm-clang.debug.lib : enet_rm_ioctl.obj (.text.EnetRm_allocMacAddr)
                  7009336e    00000002     --HOLE-- [fill = 0]
                  70093370    0000021e                                                 : icssg.obj (.text.Icssg_ioctlPortLinkCfg)
                  7009358e    00000002     --HOLE-- [fill = 0]
                  70093590    0000021e     drivers.am64x.r5f.ti-arm-clang.debug.lib : udma_event.obj (.text.Udma_eventAllocResource)
                  700937ae    00000002     --HOLE-- [fill = 0]
                  700937b0    00000214                                              : udma_rm.obj (.text.Udma_rmSetSharedResRmInitPrms)
                  700939c4    0000000c     --HOLE-- [fill = 0]
                  700939d0    00000212     enet-icssg.am64x.r5f.ti-arm-clang.debug.lib : enet_appmemutils.obj (.text.EnetMem_allocEthPkt)
                  70093be2    0000000e     --HOLE-- [fill = 0]
                  70093bf0    0000020c     drivers.am64x.r5f.ti-arm-clang.debug.lib : udma_ch.obj (.text.Udma_chFreeResource)
                  70093dfc    00000004     --HOLE-- [fill = 0]
                  70093e00    0000020a                                              : udma_ring_common.obj (.text.Udma_ringAlloc)
                  7009400a    00000002     --HOLE-- [fill = 0]
                  7009400c    00000208     libc.a : strtol.c.obj (.text.strtol)
                  70094214    0000000c     --HOLE-- [fill = 0]
                  70094220    00000200     enet-icssg.am64x.r5f.ti-arm-clang.debug.lib : enetphy.obj (.text.EnetPhy_bindDriver)
                  70094420    000001fa     drivers.am64x.r5f.ti-arm-clang.debug.lib : pruicss_g_v0.obj (.text.PRUICSS_intcSetCmr)
                  7009461a    00000006     --HOLE-- [fill = 0]
                  70094620    000001f6     enet_layer2_icssg.o (.text.EnetMp_txTsCb)
                  70094816    0000000a     --HOLE-- [fill = 0]
                  70094820    000001ea     enet-icssg.am64x.r5f.ti-arm-clang.debug.lib : enet_udma_priv.obj (.text.EnetUdma_retrievePkts)
                  70094a0a    00000006     --HOLE-- [fill = 0]
                  70094a10    000001e6     drivers.am64x.r5f.ti-arm-clang.debug.lib : uart_v0.obj (.text.UART_write)
                  70094bf6    0000000a     --HOLE-- [fill = 0]
                  70094c00    000001e6                                              : udma_ch.obj (.text.Udma_chDisableBlkCpyChan)
                  70094de6    0000000a     --HOLE-- [fill = 0]
                  70094df0    000001e0     enet_layer2_icssg.o (.text.EnetMp_printStats)
                  70094fd0    000001da     enet-icssg.am64x.r5f.ti-arm-clang.debug.lib : enet_udma.obj (.text.EnetUdma_getMappedRxChNum)
                  700951aa    00000006     --HOLE-- [fill = 0]
                  700951b0    000001da                                                 : enet.obj (.text.Enet_validateIoctl)
                  7009538a    00000006     --HOLE-- [fill = 0]
                  70095390    000001d8     drivers.am64x.r5f.ti-arm-clang.debug.lib : udma_flow.obj (.text.Udma_flowConfig)
                  70095568    000001d8     libc.a : strtoul.c.obj (.text.strtoul)
                  70095740    000001d8     freertos.am64x.r5f.ti-arm-clang.debug.lib : queue.obj (.text.xQueueReceive)
                  70095918    00000008     --HOLE-- [fill = 0]
                  70095920    000001d4     drivers.am64x.r5f.ti-arm-clang.debug.lib : uart_v0.obj (.text.UART_read)
                  70095af4    000001d0     libclang_rt.builtins.a : udivsi3.S.obj (.text)
                  70095cc4    0000000c     --HOLE-- [fill = 0]
                  70095cd0    000001ce     enet-icssg.am64x.r5f.ti-arm-clang.debug.lib : icssg.obj (.text.Icssg_handleLinkUp)
                  70095e9e    00000002     --HOLE-- [fill = 0]
                  70095ea0    000001cc     drivers.am64x.r5f.ti-arm-clang.debug.lib : i2c_v0.obj (.text.I2C_transfer)
                  7009606c    00000004     --HOLE-- [fill = 0]
                  70096070    000001ca     enet-icssg.am64x.r5f.ti-arm-clang.debug.lib : enet_udma.obj (.text.EnetDma_submitRxPktQ)
                  7009623a    00000006     --HOLE-- [fill = 0]
                  70096240    000001c6     ti_enet_open_close.o (.text.EnetApp_getRxDmaHandle)
                  70096406    0000000a     --HOLE-- [fill = 0]
                  70096410    000001c6     enet-icssg.am64x.r5f.ti-arm-clang.debug.lib : enet_udma.obj (.text.EnetDma_submitTxPktQ)
                  700965d6    0000000a     --HOLE-- [fill = 0]
                  700965e0    000001c6                                                 : enet_rm_ioctl.obj (.text.EnetRm_allocTxChNum)
                  700967a6    0000000a     --HOLE-- [fill = 0]
                  700967b0    000001c2                                                 : enet.obj (.text.Enet_validateGenericIoctl)
                  70096972    0000000e     --HOLE-- [fill = 0]
                  70096980    000001c0                                                 : icssg.obj (.text.IcssgMacPort_ioctl_handler_registerHandler)
                  70096b40    000001b8     libc.a : memory.c.obj (.text.aligned_alloc)
                  70096cf8    000001b8            : memory.c.obj (.text.free)
                  70096eb0    000001b6     enet-icssg.am64x.r5f.ti-arm-clang.debug.lib : icssg_stats.obj (.text.IcssgStats_ioctl_handler_registerHandler)
                  70097066    0000000a     --HOLE-- [fill = 0]
                  70097070    000001b6                                                 : icssg_tas.obj (.text.IcssgTas_ioctl_handler_registerHandler)
                  70097226    0000000a     --HOLE-- [fill = 0]
                  70097230    000001b6                                                 : icssg_timesync.obj (.text.IcssgTimeSync_ioctl_handler_registerHandler)
                  700973e6    0000000a     --HOLE-- [fill = 0]
                  700973f0    000001b6     freertos.am64x.r5f.ti-arm-clang.debug.lib : timers.obj (.text.prvProcessReceivedCommands)
                  700975a6    0000000a     --HOLE-- [fill = 0]
                  700975b0    000001b4     drivers.am64x.r5f.ti-arm-clang.debug.lib : soc.obj (.text.SOC_moduleSetClockFrequency)
                  70097764    0000000c     --HOLE-- [fill = 0]
                  70097770    000001ac     ti_enet_open_close.o (.text.EnetApp_driverOpen)
                  7009791c    00000004     --HOLE-- [fill = 0]
                  70097920    000001ac     enet-icssg.am64x.r5f.ti-arm-clang.debug.lib : enetphy.obj (.text.EnetPhy_open)
                  70097acc    00000004     --HOLE-- [fill = 0]
                  70097ad0    000001ac     freertos.am64x.r5f.ti-arm-clang.debug.lib : TaskP_freertos.obj (.text.TaskP_construct)
                  70097c7c    00000004     --HOLE-- [fill = 0]
                  70097c80    000001aa     enet-icssg.am64x.r5f.ti-arm-clang.debug.lib : mdio_ioctl.obj (.text.Mdio_readRegC45)
                  70097e2a    00000006     --HOLE-- [fill = 0]
                  70097e30    000001a8                                                 : enet_appmemutils.obj (.text.EnetDma_checkPktState)
                  70097fd8    00000008     --HOLE-- [fill = 0]
                  70097fe0    000001a8                                                 : enet_apputils.obj (.text.EnetDma_checkPktState)
                  70098188    00000008     --HOLE-- [fill = 0]
                  70098190    000001a8                                                 : enet_udma_priv.obj (.text.EnetDma_checkPktState)
                  70098338    00000008     --HOLE-- [fill = 0]
                  70098340    000001a6     freertos.am64x.r5f.ti-arm-clang.debug.lib : tasks.obj (.text.xTaskIncrementTick)
                  700984e6    00000002     --HOLE-- [fill = 0]
                  700984e8    000001a4     libc.a : fputs.c.obj (.text.fputs)
                  7009868c    00000004     --HOLE-- [fill = 0]
                  70098690    000001a0     enet-icssg.am64x.r5f.ti-arm-clang.debug.lib : icssg.obj (.text.IcssgMacPort_ioctl_handler_ENET_MACPORT_IOCTL_SET_INGRESS_DSCP_PRI_MAP)
                  70098830    0000019a                                                 : enet_udma.obj (.text.EnetUdma_open)
                  700989ca    00000006     --HOLE-- [fill = 0]
                  700989d0    00000198                                                 : enet_udma.obj (.text.EnetUdma_checkRxFlowParams)
                  70098b68    00000008     --HOLE-- [fill = 0]
                  70098b70    00000198                                                 : enet_udma.obj (.text.EnetUdma_checkTxChParams)
                  70098d08    00000008     --HOLE-- [fill = 0]
                  70098d10    00000198     drivers.am64x.r5f.ti-arm-clang.debug.lib : sciclient_rm_irq.obj (.text.Sciclient_rmClearInterruptRoute)
                  70098ea8    00000008     --HOLE-- [fill = 0]
                  70098eb0    00000196                                              : udma_ch.obj (.text.Udma_chConfigTx)
                  70099046    0000000a     --HOLE-- [fill = 0]
                  70099050    00000194     enet-icssg.am64x.r5f.ti-arm-clang.debug.lib : enet_udma_priv.obj (.text.EnetUdma_ringDequeue)
                  700991e4    0000000c     --HOLE-- [fill = 0]
                  700991f0    00000190     drivers.am64x.r5f.ti-arm-clang.debug.lib : uart_v0.obj (.text.UART_close)
                  70099380    0000018e     freertos.am64x.r5f.ti-arm-clang.debug.lib : ClockP_freertos_r5.obj (.text.ClockP_init)
                  7009950e    00000002     --HOLE-- [fill = 0]
                  70099510    0000018a     drivers.am64x.r5f.ti-arm-clang.debug.lib : sciclient_rm_irq.obj (.text.Sciclient_rmIrqDeleteRoute)
                  7009969a    00000006     --HOLE-- [fill = 0]
                  700996a0    0000018a                                              : sciclient_rm_irq.obj (.text.Sciclient_rmProgramInterruptRoute)
                  7009982a    00000006     --HOLE-- [fill = 0]
                  70099830    00000188     ti_enet_open_close.o (.text.EnetAppUtils_openRxFlowForChIdx)
                  700999b8    00000008     --HOLE-- [fill = 0]
                  700999c0    00000186     drivers.am64x.r5f.ti-arm-clang.debug.lib : sciclient_rm_irq.obj (.text.Sciclient_rmIrqProgramRoute)
                  70099b46    0000000a     --HOLE-- [fill = 0]
                  70099b50    00000184     board.am64x.r5f.ti-arm-clang.debug.lib : eeprom_at24c.obj (.text.EEPROM_AT24C_write)
                  70099cd4    0000000c     --HOLE-- [fill = 0]
                  70099ce0    00000184     freertos.am64x.r5f.ti-arm-clang.debug.lib : tasks.obj (.text.vTaskSwitchContext)
                  70099e64    0000000c     --HOLE-- [fill = 0]
                  70099e70    00000182     enet_layer2_icssg.o (.text.EnetMp_enableDscpPriority)
                  70099ff2    0000000e     --HOLE-- [fill = 0]
                  7009a000    00000182     enet-icssg.am64x.r5f.ti-arm-clang.debug.lib : enet_udma_priv.obj (.text.EnetUdma_ringEnqueue)
                  7009a182    0000000e     --HOLE-- [fill = 0]
                  7009a190    00000182     drivers.am64x.r5f.ti-arm-clang.debug.lib : udma_ch.obj (.text.Udma_chEnableLocal)
                  7009a312    0000000e     --HOLE-- [fill = 0]
                  7009a320    00000182     freertos.am64x.r5f.ti-arm-clang.debug.lib : queue.obj (.text.xQueueGenericSendFromISR)
                  7009a4a2    00000002     --HOLE-- [fill = 0]
                  7009a4a4    00000180     libsysbm.a : memcpy32.S.obj (.text:memcpy)
                  7009a624    0000000c     --HOLE-- [fill = 0]
                  7009a630    0000017c     enet-icssg.am64x.r5f.ti-arm-clang.debug.lib : enet_apputils_k3.obj (.text.EnetAppUtils_enableClocks)
                  7009a7ac    00000004     --HOLE-- [fill = 0]
                  7009a7b0    0000017c                                                 : enet_rm.obj (.text.EnetRm_initRxObj)
                  7009a92c    00000004     --HOLE-- [fill = 0]
                  7009a930    0000017c                                                 : enet_udma_priv.obj (.text.EnetUdma_initRxFreeDescQ)
                  7009aaac    00000004     --HOLE-- [fill = 0]
                  7009aab0    00000178     enet_layer2_icssg.o (.text.EnetMp_togglePromisc)
                  7009ac28    00000008     --HOLE-- [fill = 0]
                  7009ac30    00000178     freertos.am64x.r5f.ti-arm-clang.debug.lib : tasks.obj (.text.xTaskResumeAll)
                  7009ada8    00000008     --HOLE-- [fill = 0]
                  7009adb0    00000176     enet-icssg.am64x.r5f.ti-arm-clang.debug.lib : dp83867.obj (.text.Dp83867_config)
                  7009af26    0000000a     --HOLE-- [fill = 0]
                  7009af30    00000174                                                 : enet_rm.obj (.text.EnetRm_initTxObj)
                  7009b0a4    0000000c     --HOLE-- [fill = 0]
                  7009b0b0    0000016c     drivers.am64x.r5f.ti-arm-clang.debug.lib : csl_bcdma.obj (.text.CSL_bcdmaChanOpTeardownChan)
                  7009b21c    00000004     --HOLE-- [fill = 0]
                  7009b220    0000016c     enet-icssg.am64x.r5f.ti-arm-clang.debug.lib : icssg_utils.obj (.text.IcssgUtils_downloadFirmware)
                  7009b38c    00000004     --HOLE-- [fill = 0]
                  7009b390    0000016a     drivers.am64x.r5f.ti-arm-clang.debug.lib : uart_v0.obj (.text.UART_configInstance)
                  7009b4fa    00000006     --HOLE-- [fill = 0]
                  7009b500    00000168                                              : csl_bcdma.obj (.text.CSL_bcdmaChanOp)
                  7009b668    00000008     --HOLE-- [fill = 0]
                  7009b670    00000168                                              : udma_ch.obj (.text.Udma_chOpen)
                  7009b7d8    00000008     --HOLE-- [fill = 0]
                  7009b7e0    00000164     enet-icssg.am64x.r5f.ti-arm-clang.debug.lib : enet_udma.obj (.text.EnetDma_retrieveRxPktQ)
                  7009b944    0000000c     --HOLE-- [fill = 0]
                  7009b950    00000164                                                 : enet_udma.obj (.text.EnetDma_retrieveTxPktQ)
                  7009bab4    0000000c     --HOLE-- [fill = 0]
                  7009bac0    00000164                                                 : enet_phymdio_dflt.obj (.text.EnetPhyMdioDflt_writeC45)
                  7009bc24    0000000c     --HOLE-- [fill = 0]
                  7009bc30    00000164                                                 : enet_rm.obj (.text.EnetRm_open)
                  7009bd94    0000000c     --HOLE-- [fill = 0]
                  7009bda0    00000162     enet_layer2_icssg.o (.text.EnetMp_resetStats)
                  7009bf02    0000000e     --HOLE-- [fill = 0]
                  7009bf10    00000162     enet-icssg.am64x.r5f.ti-arm-clang.debug.lib : icssg.obj (.text.Icssg_ioctl_handler_ENET_PER_IOCTL_ATTACH_CORE)
                  7009c072    0000000e     --HOLE-- [fill = 0]
                  7009c080    00000160                                                 : enet_rm.obj (.text.EnetRm_initMacObj)
                  7009c1e0    00000160     drivers.am64x.r5f.ti-arm-clang.debug.lib : i2c_v0.obj (.text.I2C_ctrlInit)
                  7009c340    0000015e     enet-icssg.am64x.r5f.ti-arm-clang.debug.lib : enet_phymdio_dflt.obj (.text.EnetPhyMdioDflt_readC45)
                  7009c49e    00000002     --HOLE-- [fill = 0]
                  7009c4a0    0000015e                                                 : icssg.obj (.text.Icssg_openEnetPhy)
                  7009c5fe    00000002     --HOLE-- [fill = 0]
                  7009c600    0000015a     drivers.am64x.r5f.ti-arm-clang.debug.lib : udma_rm.obj (.text.Udma_rmAllocMappedRxCh)
                  7009c75a    00000006     --HOLE-- [fill = 0]
                  7009c760    0000015a                                              : udma_rm.obj (.text.Udma_rmAllocMappedTxCh)
                  7009c8ba    00000006     --HOLE-- [fill = 0]
                  7009c8c0    00000158                                              : csl_bcdma.obj (.text.CSL_bcdmaChanOpGetChanStats)
                  7009ca18    00000008     --HOLE-- [fill = 0]
                  7009ca20    00000158     board.am64x.r5f.ti-arm-clang.debug.lib : eeprom_at24c.obj (.text.EEPROM_AT24C_read)
                  7009cb78    00000008     --HOLE-- [fill = 0]
                  7009cb80    00000158     enet-icssg.am64x.r5f.ti-arm-clang.debug.lib : icssg.obj (.text.Icssg_internalIoctlHandler_registerHandler)
                  7009ccd8    00000008     --HOLE-- [fill = 0]
                  7009cce0    00000158     freertos.am64x.r5f.ti-arm-clang.debug.lib : queue.obj (.text.xQueueGiveFromISR)
                  7009ce38    00000008     --HOLE-- [fill = 0]
                  7009ce40    00000154     enet-icssg.am64x.r5f.ti-arm-clang.debug.lib : enet_phymdio_dflt.obj (.text.EnetPhyMdioDflt_writeC22)
                  7009cf94    0000000c     --HOLE-- [fill = 0]
                  7009cfa0    00000154                                                 : enet_udma_priv.obj (.text.EnetUdma_registerEvent)
                  7009d0f4    0000000c     --HOLE-- [fill = 0]
                  7009d100    00000150     drivers.am64x.r5f.ti-arm-clang.debug.lib : csl_lcdma_ringacc.obj (.text.CSL_lcdma_ringaccDequeue)
                  7009d250    00000150     enet-icssg.am64x.r5f.ti-arm-clang.debug.lib : enet_rm.obj (.text.EnetRm_delCoreAttached)
                  7009d3a0    00000150     drivers.am64x.r5f.ti-arm-clang.debug.lib : uart_v0.obj (.text.UART_procLineStatusErr)
                  7009d4f0    0000014c     enet-icssg.am64x.r5f.ti-arm-clang.debug.lib : enet_phymdio_dflt.obj (.text.EnetPhyMdioDflt_readC22)
                  7009d63c    00000004     --HOLE-- [fill = 0]
                  7009d640    0000014c     freertos.am64x.r5f.ti-arm-clang.debug.lib : tasks.obj (.text.vTaskPriorityDisinheritAfterTimeout)
                  7009d78c    00000004     --HOLE-- [fill = 0]
                  7009d790    0000014a                                               : tasks.obj (.text.prvInitialiseNewTask)
                  7009d8da    00000006     --HOLE-- [fill = 0]
                  7009d8e0    0000014a                                               : queue.obj (.text.xQueueGenericCreateStatic)
                  7009da2a    00000006     --HOLE-- [fill = 0]
                  7009da30    00000148     ti_enet_open_close.o (.text.EnetApp_closeRxDma)
                  7009db78    00000008     --HOLE-- [fill = 0]
                  7009db80    00000148     enet-icssg.am64x.r5f.ti-arm-clang.debug.lib : icssg.obj (.text.Icssg_registerMdioLinkIntr)
                  7009dcc8    00000008     --HOLE-- [fill = 0]
                  7009dcd0    00000146                                                 : mdio.obj (.text.Mdio_ioctl)
                  7009de16    0000000a     --HOLE-- [fill = 0]
                  7009de20    00000146     drivers.am64x.r5f.ti-arm-clang.debug.lib : udma_ch.obj (.text.Udma_chAssignRegOverlay)
                  7009df66    00000002     --HOLE-- [fill = 0]
                  7009df68    00000144     libc.a : setvbuf.c.obj (.text.setvbuf)
                  7009e0ac    00000004     --HOLE-- [fill = 0]
                  7009e0b0    00000142     enet-icssg.am64x.r5f.ti-arm-clang.debug.lib : icssg_utils.obj (.text.IcssgUtils_configFilter3)
                  7009e1f2    0000000e     --HOLE-- [fill = 0]
                  7009e200    00000142                                                 : icssg_utils.obj (.text.IcssgUtils_disablePruss)
                  7009e342    0000000e     --HOLE-- [fill = 0]
                  7009e350    00000142                                                 : icssg_utils.obj (.text.IcssgUtils_enablePruss)
                  7009e492    0000000e     --HOLE-- [fill = 0]
                  7009e4a0    00000142                                                 : icssg.obj (.text.Icssg_pollTxTs)
                  7009e5e2    0000000e     --HOLE-- [fill = 0]
                  7009e5f0    00000142     drivers.am64x.r5f.ti-arm-clang.debug.lib : sciclient.obj (.text.Sciclient_sendMessage)
                  7009e732    0000000e     --HOLE-- [fill = 0]
                  7009e740    00000140                                              : sciclient_rm_irq.obj (.text.Sciclient_rmIaValidateMapping)
                  7009e880    00000140                                              : udma_rm.obj (.text.Udma_rmAllocMappedRing)
                  7009e9c0    00000140     libc.a : s_scalbn.c.obj (.text.scalbn)
                  7009eb00    0000013e     ti_enet_open_close.o (.text.EnetAppUtils_closeRxFlowForChIdx)
                  7009ec3e    00000002     --HOLE-- [fill = 0]
                  7009ec40    0000013a     enet-icssg.am64x.r5f.ti-arm-clang.debug.lib : enet.obj (.text.Enet_ioctl)
                  7009ed7a    00000006     --HOLE-- [fill = 0]
                  7009ed80    0000013a                                                 : icssg_timesync.obj (.text.IcssgTimeSync_open)
                  7009eeba    00000006     --HOLE-- [fill = 0]
                  7009eec0    00000138                                                 : enet_osal_dflt.obj (.text.EnetOsalDflt_registerIntr)
                  7009eff8    00000008     --HOLE-- [fill = 0]
                  7009f000    00000138     freertos.am64x.r5f.ti-arm-clang.debug.lib : printf.obj (.text._ntoa_long_long)
                  7009f138    00000008     --HOLE-- [fill = 0]
                  7009f140    00000136     enet-icssg.am64x.r5f.ti-arm-clang.debug.lib : enet_apputils_k3.obj (.text.EnetAppUtils_disableClocks)
                  7009f276    0000000a     --HOLE-- [fill = 0]
                  7009f280    00000136                                                 : enet_phymdio_dflt.obj (.text.EnetPhyMdioDflt_isAlive)
                  7009f3b6    0000000a     --HOLE-- [fill = 0]
                  7009f3c0    00000136                                                 : enet_phymdio_dflt.obj (.text.EnetPhyMdioDflt_isLinked)
                  7009f4f6    0000000a     --HOLE-- [fill = 0]
                  7009f500    00000136     drivers.am64x.r5f.ti-arm-clang.debug.lib : sciclient_rm_irq.obj (.text.Sciclient_rmIrqVintDelete)
                  7009f636    0000000a     --HOLE-- [fill = 0]
                  7009f640    00000134     freertos.am64x.r5f.ti-arm-clang.debug.lib : queue.obj (.text.xQueueReceiveFromISR)
                  7009f774    0000000c     --HOLE-- [fill = 0]
                  7009f780    00000132     enet-icssg.am64x.r5f.ti-arm-clang.debug.lib : enet_appmemutils.obj (.text.EnetMem_getPktInfoEntry)
                  7009f8b2    0000000e     --HOLE-- [fill = 0]
                  7009f8c0    00000130                                                 : enet.obj (.text.EnetMod_open)
                  7009f9f0    00000130                                                 : enet.obj (.text.EnetPer_open)
                  7009fb20    00000130     drivers.am64x.r5f.ti-arm-clang.debug.lib : i2c_v0.obj (.text.I2C_recoverBus)
                  7009fc50    00000130                                              : sciclient.obj (.text.Sciclient_recvMessage)
                  7009fd80    0000012e                                              : udma_rm.obj (.text.Udma_rmAllocIrIntr)
                  7009feae    00000002     --HOLE-- [fill = 0]
                  7009feb0    0000012c     enet-icssg.am64x.r5f.ti-arm-clang.debug.lib : icssg_utils.obj (.text.IcssgUtils_getSliceNum)
                  7009ffdc    00000004     --HOLE-- [fill = 0]
                  7009ffe0    0000012a                                                 : enet_utils.obj (.text.EnetUtils_macToPhyMii)
                  700a010a    00000006     --HOLE-- [fill = 0]
                  700a0110    0000012a     drivers.am64x.r5f.ti-arm-clang.debug.lib : sciclient_pm.obj (.text.Sciclient_pmQueryModuleClkFreq)
                  700a023a    00000006     --HOLE-- [fill = 0]
                  700a0240    00000128     freertos.am64x.r5f.ti-arm-clang.debug.lib : port.obj (.text.pxPortInitialiseStack)
                  700a0368    00000008     --HOLE-- [fill = 0]
                  700a0370    00000126     enet-icssg.am64x.r5f.ti-arm-clang.debug.lib : icssg.obj (.text.Icssg_ioctl_handler_ENET_PER_IOCTL_DETACH_CORE)
                  700a0496    0000000a     --HOLE-- [fill = 0]
                  700a04a0    00000124                                                 : enet_phymdio_dflt.obj (.text.EnetPhyMdioDflt_setIoctlHandlerFxn)
                  700a05c4    0000000c     --HOLE-- [fill = 0]
                  700a05d0    00000124                                                 : enet_rm.obj (.text.EnetRm_setIoctlHandlerFxn)
                  700a06f4    0000000c     --HOLE-- [fill = 0]
                  700a0700    00000124                                                 : mdio.obj (.text.Mdio_setIoctlHandlerFxn)
                  700a0824    0000000c     --HOLE-- [fill = 0]
                  700a0830    00000122                                                 : mdio_manual_ioctl.obj (.text.Mdio_manualModePhyRegValReadC45)
                  700a0952    0000000e     --HOLE-- [fill = 0]
                  700a0960    00000122     drivers.am64x.r5f.ti-arm-clang.debug.lib : udma_rm.obj (.text.Udma_rmAllocBlkCopyCh)
                  700a0a82    0000000e     --HOLE-- [fill = 0]
                  700a0a90    00000122                                              : udma_rm.obj (.text.Udma_rmAllocBlkCopyHcCh)
                  700a0bb2    0000000e     --HOLE-- [fill = 0]
                  700a0bc0    00000122                                              : udma_rm.obj (.text.Udma_rmAllocBlkCopyUhcCh)
                  700a0ce2    0000000e     --HOLE-- [fill = 0]
                  700a0cf0    00000122                                              : udma_rm.obj (.text.Udma_rmAllocRxCh)
                  700a0e12    0000000e     --HOLE-- [fill = 0]
                  700a0e20    00000122                                              : udma_rm.obj (.text.Udma_rmAllocRxHcCh)
                  700a0f42    0000000e     --HOLE-- [fill = 0]
                  700a0f50    00000122                                              : udma_rm.obj (.text.Udma_rmAllocRxUhcCh)
                  700a1072    0000000e     --HOLE-- [fill = 0]
                  700a1080    00000122                                              : udma_rm.obj (.text.Udma_rmAllocTxCh)
                  700a11a2    0000000e     --HOLE-- [fill = 0]
                  700a11b0    00000122                                              : udma_rm.obj (.text.Udma_rmAllocTxHcCh)
                  700a12d2    0000000e     --HOLE-- [fill = 0]
                  700a12e0    00000122                                              : udma_rm.obj (.text.Udma_rmAllocTxUhcCh)
                  700a1402    0000000e     --HOLE-- [fill = 0]
                  700a1410    00000120     enet-icssg.am64x.r5f.ti-arm-clang.debug.lib : enet_rm_ioctl.obj (.text.EnetRm_allocInternalRxFlowIdx)
                  700a1530    0000011e     drivers.am64x.r5f.ti-arm-clang.debug.lib : sciclient_rm_irq.obj (.text.Sciclient_rmIaValidateEvt)
                  700a164e    00000002     --HOLE-- [fill = 0]
                  700a1650    0000011e                                              : sciclient_rm_irq.obj (.text.Sciclient_rmIrqVintAdd)
                  700a176e    00000002     --HOLE-- [fill = 0]
                  700a1770    0000011c     freertos.am64x.r5f.ti-arm-clang.debug.lib : DebugP_uartScanf.obj (.text.DebugP_readLine)
                  700a188c    00000004     --HOLE-- [fill = 0]
                  700a1890    0000011c     enet-icssg.am64x.r5f.ti-arm-clang.debug.lib : enet_queue.obj (.text.EnetQueue_append)
                  700a19ac    00000004     --HOLE-- [fill = 0]
                  700a19b0    0000011c                                                 : enet_utils.obj (.text.EnetUtils_delayNs)
                  700a1acc    00000004     --HOLE-- [fill = 0]
                  700a1ad0    0000011c                                                 : mdio_ioctl.obj (.text.Mdio_writeRegC45)
                  700a1bec    00000004     --HOLE-- [fill = 0]
                  700a1bf0    0000011a                                                 : enetphy.obj (.text.EnetPhy_resetWaitState)
                  700a1d0a    00000006     --HOLE-- [fill = 0]
                  700a1d10    0000011a                                                 : enetphy.obj (.text.EnetPhy_setupManual)
                  700a1e2a    00000006     --HOLE-- [fill = 0]
                  700a1e30    0000011a     freertos.am64x.r5f.ti-arm-clang.debug.lib : tasks.obj (.text.eTaskGetState)
                  700a1f4a    00000006     --HOLE-- [fill = 0]
                  700a1f50    00000118     enet-icssg.am64x.r5f.ti-arm-clang.debug.lib : enetphy.obj (.text.EnetPhy_setupNway)
                  700a2068    00000008     --HOLE-- [fill = 0]
                  700a2070    00000118     drivers.am64x.r5f.ti-arm-clang.debug.lib : pruicss_g_v0.obj (.text.PRUICSS_getMemInfo)
                  700a2188    00000008     --HOLE-- [fill = 0]
                  700a2190    00000118     freertos.am64x.r5f.ti-arm-clang.debug.lib : TaskP_freertos.obj (.text.TaskP_loadUpdateAll)
                  700a22a8    00000008     --HOLE-- [fill = 0]
                  700a22b0    00000118     drivers.am64x.r5f.ti-arm-clang.debug.lib : udma_ring_lcdma.obj (.text.Udma_ringSetCfgLcdma)
                  700a23c8    00000118     libclang_rt.builtins.a : udivmoddi4.S.obj (.text)
                  700a24e0    00000116     drivers.am64x.r5f.ti-arm-clang.debug.lib : csl_bcdma.obj (.text.CSL_bcdmaChanOpDecChanStats)
                  700a25f6    0000000a     --HOLE-- [fill = 0]
                  700a2600    00000116     enet-icssg.am64x.r5f.ti-arm-clang.debug.lib : mdio_ioctl.obj (.text.Mdio_handleIntr)
                  700a2716    0000000a     --HOLE-- [fill = 0]
                  700a2720    00000116                                                 : mdio_manual_ioctl.obj (.text.Mdio_manualModePhyRegRead22)
                  700a2836    0000000a     --HOLE-- [fill = 0]
                  700a2840    00000116     drivers.am64x.r5f.ti-arm-clang.debug.lib : uart_v0.obj (.text.UART_divisorLatchWrite)
                  700a2956    0000000a     --HOLE-- [fill = 0]
                  700a2960    00000114     enet-icssg.am64x.r5f.ti-arm-clang.debug.lib : enet_apputils_k3.obj (.text.EnetAppUtils_setDeviceState)
                  700a2a74    0000000c     --HOLE-- [fill = 0]
                  700a2a80    00000114                                                 : icssg_utils.obj (.text.IcssgUtils_classiDisable)
                  700a2b94    0000000c     --HOLE-- [fill = 0]
                  700a2ba0    00000114     freertos.am64x.r5f.ti-arm-clang.debug.lib : printf.obj (.text._ntoa_long)
                  700a2cb4    0000000c     --HOLE-- [fill = 0]
                  700a2cc0    00000110     enet-icssg.am64x.r5f.ti-arm-clang.debug.lib : enet_rm.obj (.text.EnetRm_validateResPartInfo)
                  700a2dd0    00000110     drivers.am64x.r5f.ti-arm-clang.debug.lib : sciclient_pm.obj (.text.Sciclient_pmSetModuleClkFreq)
                  700a2ee0    0000010e     enet-icssg.am64x.r5f.ti-arm-clang.debug.lib : enet_hostport.obj (.text.EnetHostPortDma_open)
                  700a2fee    00000002     --HOLE-- [fill = 0]
                  700a2ff0    0000010e     freertos.am64x.r5f.ti-arm-clang.debug.lib : tasks.obj (.text.prvAddNewTaskToReadyList)
                  700a30fe    00000002     --HOLE-- [fill = 0]
                  700a3100    0000010e                                               : tasks.obj (.text.xTaskPriorityInherit)
                  700a320e    00000002     --HOLE-- [fill = 0]
                  700a3210    0000010c     enet-icssg.am64x.r5f.ti-arm-clang.debug.lib : enet_hostport.obj (.text.EnetHostPortDma_close)
                  700a331c    00000004     --HOLE-- [fill = 0]
                  700a3320    0000010c                                                 : enetphy.obj (.text.EnetPhy_rmwReg)
                  700a342c    00000004     --HOLE-- [fill = 0]
                  700a3430    0000010c                                                 : enet_udma_priv.obj (.text.EnetUdma_flushRxFlowRing)
                  700a353c    00000004     --HOLE-- [fill = 0]
                  700a3540    0000010c                                                 : enet_udma_priv.obj (.text.EnetUdma_flushTxChRing)
                  700a364c    00000004     --HOLE-- [fill = 0]
                  700a3650    0000010a                                                 : icssg.obj (.text.Icssg_configMacPortDfltVlanId)
                  700a375a    00000006     --HOLE-- [fill = 0]
                  700a3760    0000010a     freertos.am64x.r5f.ti-arm-clang.debug.lib : tasks.obj (.text.vTaskDelete)
                  700a386a    00000006     --HOLE-- [fill = 0]
                  700a3870    00000108     ti_enet_open_close.o (.text.EnetApp_driverClose)
                  700a3978    00000008     --HOLE-- [fill = 0]
                  700a3980    00000106     enet-icssg.am64x.r5f.ti-arm-clang.debug.lib : enet_appmemutils.obj (.text.EnetMem_getDescMemEntry)
                  700a3a86    0000000a     --HOLE-- [fill = 0]
                  700a3a90    00000106                                                 : icssg.obj (.text.Icssg_ioctl_handler_ENET_PER_IOCTL_IS_PORT_LINK_UP)
                  700a3b96    0000000a     --HOLE-- [fill = 0]
                  700a3ba0    00000106     drivers.am64x.r5f.ti-arm-clang.debug.lib : udma_event.obj (.text.Udma_eventCheckParams)
                  700a3ca6    0000000a     --HOLE-- [fill = 0]
                  700a3cb0    00000104                                              : csl_pktdma.obj (.text.CSL_pktdmaTeardownChan)
                  700a3db4    0000000c     --HOLE-- [fill = 0]
                  700a3dc0    00000104     enet_layer2_icssg.o (.text.EnetMp_closeDma)
                  700a3ec4    0000000c     --HOLE-- [fill = 0]
                  700a3ed0    00000104     enet_layer2_icssg.o (.text.EnetMp_initRxReadyPktQ)
                  700a3fd4    0000000c     --HOLE-- [fill = 0]
                  700a3fe0    00000102     enet-icssg.am64x.r5f.ti-arm-clang.debug.lib : enet_udma.obj (.text.EnetUdma_closeRxCh)
                  700a40e2    0000000e     --HOLE-- [fill = 0]
                  700a40f0    00000102                                                 : enet_utils.obj (.text.EnetUtils_delayTicks)
                  700a41f2    0000000e     --HOLE-- [fill = 0]
                  700a4200    00000102                                                 : icssg.obj (.text.Icssg_initCfg)
                  700a4302    0000000e     --HOLE-- [fill = 0]
                  700a4310    00000100     drivers.am64x.r5f.ti-arm-clang.debug.lib : csl_lcdma_ringacc.obj (.text.CSL_lcdma_ringaccPop64MultiAccess)
                  700a4410    00000100     enet-icssg.am64x.r5f.ti-arm-clang.debug.lib : enetphy.obj (.text.EnetPhy_getId)
                  700a4510    00000100                                                 : enet_rm.obj (.text.EnetRm_ioctl)
                  700a4610    00000100     freertos.am64x.r5f.ti-arm-clang.debug.lib : tasks.obj (.text.xTaskPriorityDisinherit)
                  700a4710    000000fe     drivers.am64x.r5f.ti-arm-clang.debug.lib : sciclient_rm_irq.obj (.text.Sciclient_rmIrGetOutp)
                  700a480e    00000002     --HOLE-- [fill = 0]
                  700a4810    000000fe                                              : udma.obj (.text.Udma_init)
                  700a490e    00000002     --HOLE-- [fill = 0]
                  700a4910    000000fc     ti_enet_open_close.o (.text.EnetApp_createPhyStateHandlerTask)
                  700a4a0c    00000004     --HOLE-- [fill = 0]
                  700a4a10    000000fc     enet-icssg.am64x.r5f.ti-arm-clang.debug.lib : enet_osal_dflt.obj (.text.EnetOsalDflt_createMutex)
                  700a4b0c    00000004     --HOLE-- [fill = 0]
                  700a4b10    000000fc                                                 : icssg.obj (.text.Icssg_registerEventCb)
                  700a4c0c    00000004     --HOLE-- [fill = 0]
                  700a4c10    000000fa     drivers.am64x.r5f.ti-arm-clang.debug.lib : csl_lcdma_ringacc.obj (.text.CSL_lcdma_ringaccPush64MultiAccess)
                  700a4d0a    00000006     --HOLE-- [fill = 0]
                  700a4d10    000000fa     enet-icssg.am64x.r5f.ti-arm-clang.debug.lib : enet_udma_priv.obj (.text.EnetUdmaStats_updateNotifyStats)
                  700a4e0a    00000006     --HOLE-- [fill = 0]
                  700a4e10    000000fa                                                 : icssg_tas.obj (.text.IcssgTas_ioctl)
                  700a4f0a    00000006     --HOLE-- [fill = 0]
                  700a4f10    000000f8     ti_enet_open_close.o (.text.EnetApp_getTxDmaHandle)
                  700a5008    00000008     --HOLE-- [fill = 0]
                  700a5010    000000f8     enet-icssg.am64x.r5f.ti-arm-clang.debug.lib : enetphy.obj (.text.EnetPhy_tick)
                  700a5108    00000008     --HOLE-- [fill = 0]
                  700a5110    000000f6     enet_layer2_icssg.o (.text.EnetMp_readMdioC22Raw)
                  700a5206    0000000a     --HOLE-- [fill = 0]
                  700a5210    000000f6     enet-icssg.am64x.r5f.ti-arm-clang.debug.lib : enet_queue.obj (.text.EnetQueue_enq)
                  700a5306    0000000a     --HOLE-- [fill = 0]
                  700a5310    000000f6     drivers.am64x.r5f.ti-arm-clang.debug.lib : i2c_v0.obj (.text.I2CControllerInitExpClk)
                  700a5406    0000000a     --HOLE-- [fill = 0]
                  700a5410    000000f4     enet-icssg.am64x.r5f.ti-arm-clang.debug.lib : enet_apputils.obj (.text.EnetAppUtils_reduceCoreMacAllocation)
                  700a5504    0000000c     --HOLE-- [fill = 0]
                  700a5510    000000f4                                                 : enet_appmemutils.obj (.text.EnetMem_getRingMemEntry)
                  700a5604    0000000c     --HOLE-- [fill = 0]
                  700a5610    000000f4                                                 : enet.obj (.text.EnetPer_ioctl)
                  700a5704    0000000c     --HOLE-- [fill = 0]
                  700a5710    000000f4                                                 : enet.obj (.text.Enet_open)
                  700a5804    0000000c     --HOLE-- [fill = 0]
                  700a5810    000000f4     drivers.am64x.r5f.ti-arm-clang.debug.lib : sciclient_rm_irq.obj (.text.Sciclient_rmTranslateIntOutput)
                  700a5904    0000000c     --HOLE-- [fill = 0]
                  700a5910    000000f2     enet-icssg.am64x.r5f.ti-arm-clang.debug.lib : enetphy.obj (.text.EnetPhy_isPhyLinked)
                  700a5a02    0000000e     --HOLE-- [fill = 0]
                  700a5a10    000000f0     freertos.am64x.r5f.ti-arm-clang.debug.lib : ClockP_freertos.obj (.text.ClockP_construct)
                  700a5b00    000000f0     enet-icssg.am64x.r5f.ti-arm-clang.debug.lib : enet.obj (.text.EnetMod_ioctl)
                  700a5bf0    000000f0                                                 : icssg.obj (.text.Icssg_ioctl_handler_ENET_IOCTL_REGISTER_RX_DEFAULT_FLOW)
                  700a5ce0    000000ee                                                 : dp83867.obj (.text.Dp83867_setClkDelay)
                  700a5dce    00000002     --HOLE-- [fill = 0]
                  700a5dd0    000000ee                                                 : enet_appmemutils.obj (.text.EnetMem_freeEthPkt)
                  700a5ebe    00000002     --HOLE-- [fill = 0]
                  700a5ec0    000000ee                                                 : icssg.obj (.text.Icssg_ioctl_handler_ENET_IOCTL_UNREGISTER_RX_DEFAULT_FLOW)
                  700a5fae    00000002     --HOLE-- [fill = 0]
                  700a5fb0    000000ee     freertos.am64x.r5f.ti-arm-clang.debug.lib : tasks.obj (.text.vTaskStartScheduler)
                  700a609e    00000002     --HOLE-- [fill = 0]
                  700a60a0    000000ee                                               : tasks.obj (.text.xTaskCreateStatic)
                  700a618e    00000002     --HOLE-- [fill = 0]
                  700a6190    000000ec     enet-icssg.am64x.r5f.ti-arm-clang.debug.lib : enet_rm_ioctl.obj (.text.EnetRm_addCoreAttached)
                  700a627c    00000004     --HOLE-- [fill = 0]
                  700a6280    000000ec                                                 : icssg_utils.obj (.text.IcssgUtils_checkPortMode)
                  700a636c    00000004     --HOLE-- [fill = 0]
                  700a6370    000000ec     drivers.am64x.r5f.ti-arm-clang.debug.lib : udma_event.obj (.text.Udma_eventIsrFxn)
                  700a645c    00000004     --HOLE-- [fill = 0]
                  700a6460    000000ea     freertos.am64x.r5f.ti-arm-clang.debug.lib : AddrTranslateP.obj (.text.AddrTranslateP_getLocalAddr)
                  700a654a    00000006     --HOLE-- [fill = 0]
                  700a6550    000000ea     ti_enet_open_close.o (.text.EnetApp_openRxDma)
                  700a663a    00000006     --HOLE-- [fill = 0]
                  700a6640    000000ea     enet-icssg.am64x.r5f.ti-arm-clang.debug.lib : enetphy.obj (.text.EnetPhy_getManualCaps)
                  700a672a    00000006     --HOLE-- [fill = 0]
                  700a6730    000000ea                                                 : icssg.obj (.text.Icssg_pollHwQAsyncResp)
                  700a681a    00000006     --HOLE-- [fill = 0]
                  700a6820    000000e8                                                 : enet_apputils.obj (.text.EnetAppUtils_initResourceConfig)
                  700a6908    00000008     --HOLE-- [fill = 0]
                  700a6910    000000e8     ti_enet_open_close.o (.text.EnetApp_ConfigureDscpMapping)
                  700a69f8    00000008     --HOLE-- [fill = 0]
                  700a6a00    000000e8     enet-icssg.am64x.r5f.ti-arm-clang.debug.lib : enet_udma.obj (.text.EnetDma_initRxChParams)
                  700a6ae8    00000008     --HOLE-- [fill = 0]
                  700a6af0    000000e8     enet_layer2_icssg.o (.text.EnetMp_monitorLinks)
                  700a6bd8    00000008     --HOLE-- [fill = 0]
                  700a6be0    000000e8     enet-icssg.am64x.r5f.ti-arm-clang.debug.lib : enetphy.obj (.text.EnetPhy_findCommonCaps)
                  700a6cc8    00000008     --HOLE-- [fill = 0]
                  700a6cd0    000000e8     drivers.am64x.r5f.ti-arm-clang.debug.lib : udma_event.obj (.text.Udma_eventFreeResource)
                  700a6db8    00000008     --HOLE-- [fill = 0]
                  700a6dc0    000000e6     enet-icssg.am64x.r5f.ti-arm-clang.debug.lib : enetphy.obj (.text.EnetPhy_isAlive)
                  700a6ea6    0000000a     --HOLE-- [fill = 0]
                  700a6eb0    000000e6                                                 : enet_rm_ioctl.obj (.text.EnetRm_allocRxFlowIdx)
                  700a6f96    0000000a     --HOLE-- [fill = 0]
                  700a6fa0    000000e6                                                 : icssg.obj (.text.Icssg_periodicTick)
                  700a7086    0000000a     --HOLE-- [fill = 0]
                  700a7090    000000e4                                                 : enet_rm.obj (.text.EnetRm_getFreeQ)
                  700a7174    0000000c     --HOLE-- [fill = 0]
                  700a7180    000000e2     enet_custom_board_config.o (.text.EnetBoard_getMacAddrList)
                  700a7262    0000000e     --HOLE-- [fill = 0]
                  700a7270    000000e2     enet-icssg.am64x.r5f.ti-arm-clang.debug.lib : enet_rm_ioctl.obj (.text.EnetRm_freeMacAddr)
                  700a7352    0000000e     --HOLE-- [fill = 0]
                  700a7360    000000e2                                                 : icssg.obj (.text.Icssg_getInternalIoctlHandler)
                  700a7442    0000000e     --HOLE-- [fill = 0]
                  700a7450    000000e2                                                 : icssg.obj (.text.Icssg_getMacPortIoctlHandler)
                  700a7532    0000000e     --HOLE-- [fill = 0]
                  700a7540    000000e2     drivers.am64x.r5f.ti-arm-clang.debug.lib : sciclient_rm_irq.obj (.text.Sciclient_rmIrqGetNode)
                  700a7622    0000000e     --HOLE-- [fill = 0]
                  700a7630    000000e2     freertos.am64x.r5f.ti-arm-clang.debug.lib : tasks.obj (.text.vTaskGetInfo)
                  700a7712    0000000e     --HOLE-- [fill = 0]
                  700a7720    000000e0     enet-icssg.am64x.r5f.ti-arm-clang.debug.lib : enet_udma_priv.obj (.text.EnetUdma_memMgrInit)
                  700a7800    000000e0                                                 : icssg.obj (.text.IcssgMacPort_ioctl_handler_ENET_MACPORT_IOCTL_SET_EGRESS_QOS_PRI_MAP)
                  700a78e0    000000e0                                                 : mdio_ioctl.obj (.text.Mdio_normal_ioctl_handler_ENET_MDIO_IOCTL_C22_READ)
                  700a79c0    000000e0     freertos.am64x.r5f.ti-arm-clang.debug.lib : tasks.obj (.text.xTaskCheckForTimeOut)
                  700a7aa0    000000de     drivers.am64x.r5f.ti-arm-clang.debug.lib : sciclient.obj (.text.Sciclient_waitForMessage)
                  700a7b7e    00000002     --HOLE-- [fill = 0]
                  700a7b80    000000de                                              : uart_v0.obj (.text.UART_intrEnable)
                  700a7c5e    00000002     --HOLE-- [fill = 0]
                  700a7c60    000000de     freertos.am64x.r5f.ti-arm-clang.debug.lib : timers.obj (.text.prvSwitchTimerLists)
                  700a7d3e    00000002     --HOLE-- [fill = 0]
                  700a7d40    000000dc     drivers.am64x.r5f.ti-arm-clang.debug.lib : csl_intaggr.obj (.text.CSL_intaggrSetIntrEnable)
                  700a7e1c    00000004     --HOLE-- [fill = 0]
                  700a7e20    000000dc     enet-icssg.am64x.r5f.ti-arm-clang.debug.lib : enet_rm_ioctl.obj (.text.EnetRm_freeTxChNum)
                  700a7efc    00000004     --HOLE-- [fill = 0]
                  700a7f00    000000dc                                                 : icssg.obj (.text.Icssg_ioctl_handler_ICSSG_PER_IOCTL_SET_PORT_STATE)
                  700a7fdc    00000004     --HOLE-- [fill = 0]
                  700a7fe0    000000da     ti_enet_soc.o (.text.EnetSoc_getEnetHandle)
                  700a80ba    00000006     --HOLE-- [fill = 0]
                  700a80c0    000000da     enet-icssg.am64x.r5f.ti-arm-clang.debug.lib : icssg.obj (.text.Icssg_ioctl_handler_ENET_PER_IOCTL_OPEN_PORT_LINK)
                  700a819a    00000006     --HOLE-- [fill = 0]
                  700a81a0    000000da     drivers.am64x.r5f.ti-arm-clang.debug.lib : sciclient_rm_irq.obj (.text.Sciclient_rmIrInpIsFree)
                  700a827a    00000006     --HOLE-- [fill = 0]
                  700a8280    000000da                                              : uart_v0.obj (.text.UART_intrDisable)
                  700a835a    00000006     --HOLE-- [fill = 0]
                  700a8360    000000da                                              : udma_rm.obj (.text.Udma_rmGetSciclientDefaultBoardCfgRmRange)
                  700a843a    00000006     --HOLE-- [fill = 0]
                  700a8440    000000d8     enet-icssg.am64x.r5f.ti-arm-clang.debug.lib : icssg_stats.obj (.text.Icssg_getStatsIoctlHandler)
                  700a8518    00000008     --HOLE-- [fill = 0]
                  700a8520    000000d8                                                 : icssg_tas.obj (.text.Icssg_getTasIoctlHandler)
                  700a85f8    00000008     --HOLE-- [fill = 0]
                  700a8600    000000d8                                                 : icssg_timesync.obj (.text.Icssg_getTimeSyncIoctlHandler)
                  700a86d8    00000008     --HOLE-- [fill = 0]
                  700a86e0    000000d8     freertos.am64x.r5f.ti-arm-clang.debug.lib : tasks.obj (.text.xTaskRemoveFromEventList)
                  700a87b8    00000008     --HOLE-- [fill = 0]
                  700a87c0    000000d6     enet-icssg.am64x.r5f.ti-arm-clang.debug.lib : enetphy.obj (.text.EnetPhy_nwayWaitState)
                  700a8896    0000000a     --HOLE-- [fill = 0]
                  700a88a0    000000d4     drivers.am64x.r5f.ti-arm-clang.debug.lib : csl_bcdma.obj (.text.CSL_bcdmaChanOpGetChanRT)
                  700a8974    0000000c     --HOLE-- [fill = 0]
                  700a8980    000000d4     enet-icssg.am64x.r5f.ti-arm-clang.debug.lib : enet_rm.obj (.text.EnetRm_freeResource)
                  700a8a54    0000000c     --HOLE-- [fill = 0]
                  700a8a60    000000d4     ti_enet_soc.o (.text.EnetSoc_getRxChPeerId)
                  700a8b34    0000000c     --HOLE-- [fill = 0]
                  700a8b40    000000d4     enet-icssg.am64x.r5f.ti-arm-clang.debug.lib : enet.obj (.text.Enet_getHandles)
                  700a8c14    0000000c     --HOLE-- [fill = 0]
                  700a8c20    000000d4                                                 : icssg_utils.obj (.text.IcssgUtils_getHwqNum)
                  700a8cf4    0000000c     --HOLE-- [fill = 0]
                  700a8d00    000000d4     drivers.am64x.r5f.ti-arm-clang.debug.lib : pinmux.obj (.text.Pinmux_unlockMMR)
                  700a8dd4    0000000c     --HOLE-- [fill = 0]
                  700a8de0    000000d4     freertos.am64x.r5f.ti-arm-clang.debug.lib : tasks.obj (.text.prvAddCurrentTaskToDelayedList)
                  700a8eb4    0000000c     --HOLE-- [fill = 0]
                  700a8ec0    000000d2     enet_layer2_icssg.o (.text.EnetMp_createRxTask)
                  700a8f92    0000000e     --HOLE-- [fill = 0]
                  700a8fa0    000000d2     enet-icssg.am64x.r5f.ti-arm-clang.debug.lib : enet_udma_priv.obj (.text.EnetUdma_rxCqIsr)
                  700a9072    0000000e     --HOLE-- [fill = 0]
                  700a9080    000000d2                                                 : enet_udma_priv.obj (.text.EnetUdma_txCqIsr)
                  700a9152    0000000e     --HOLE-- [fill = 0]
                  700a9160    000000d2     drivers.am64x.r5f.ti-arm-clang.debug.lib : i2c_v0.obj (.text.I2C_close)
                  700a9232    00000002     --HOLE-- [fill = 0]
                  700a9234    000000d0     libc.a : sscanf.c.obj (.text._chkmbc)
                  700a9304    0000000c     --HOLE-- [fill = 0]
                  700a9310    000000ce     enet-icssg.am64x.r5f.ti-arm-clang.debug.lib : enet_phymdio_dflt.obj (.text.EnetPhyMdioDflt_getIoctlHandlerFxn)
                  700a93de    00000002     --HOLE-- [fill = 0]
                  700a93e0    000000ce                                                 : enet_rm_ioctl.obj (.text.EnetRm_allocResourceNode)
                  700a94ae    00000002     --HOLE-- [fill = 0]
                  700a94b0    000000ce                                                 : enet_rm.obj (.text.EnetRm_getIoctlHandlerFxn)
                  700a957e    00000002     --HOLE-- [fill = 0]
                  700a9580    000000ce                                                 : mdio.obj (.text.Mdio_getIoctlHandlerFxn)
                  700a964e    00000002     --HOLE-- [fill = 0]
                  700a9650    000000ce     drivers.am64x.r5f.ti-arm-clang.debug.lib : pruicss_g_v0.obj (.text.PRUICSS_disableCore)
                  700a971e    00000002     --HOLE-- [fill = 0]
                  700a9720    000000ce                                              : pruicss_g_v0.obj (.text.PRUICSS_enableCore)
                  700a97ee    00000002     --HOLE-- [fill = 0]
                  700a97f0    000000cc     enet-icssg.am64x.r5f.ti-arm-clang.debug.lib : icssg.obj (.text.Icssg_validateFlowId)
                  700a98bc    00000004     --HOLE-- [fill = 0]
                  700a98c0    000000cc     drivers.am64x.r5f.ti-arm-clang.debug.lib : udma_rm.obj (.text.Udma_rmAllocVintrBit)
                  700a998c    00000004     --HOLE-- [fill = 0]
                  700a9990    000000cc     freertos.am64x.r5f.ti-arm-clang.debug.lib : queue.obj (.text.prvCopyDataToQueue)
                  700a9a5c    00000004     --HOLE-- [fill = 0]
                  700a9a60    000000ca     drivers.am64x.r5f.ti-arm-clang.debug.lib : csl_bcdma.obj (.text.CSL_bcdmaChanOpSetBurstSize)
                  700a9b2a    00000006     --HOLE-- [fill = 0]
                  700a9b30    000000ca     enet-icssg.am64x.r5f.ti-arm-clang.debug.lib : enet_udma.obj (.text.EnetDma_initTxChParams)
                  700a9bfa    00000006     --HOLE-- [fill = 0]
                  700a9c00    000000ca                                                 : enetphy.obj (.text.EnetPhy_getCapsString)
                  700a9cca    00000006     --HOLE-- [fill = 0]
                  700a9cd0    000000ca                                                 : enet_rm.obj (.text.EnetRm_getCoreResourceInfo)
                  700a9d9a    00000006     --HOLE-- [fill = 0]
                  700a9da0    000000ca                                                 : mdio_manual_ioctl.obj (.text.Mdio_manualModePhyRegReadC45)
                  700a9e6a    00000006     --HOLE-- [fill = 0]
                  700a9e70    000000ca     drivers.am64x.r5f.ti-arm-clang.debug.lib : udma_ring_common.obj (.text.Udma_ringCheckParams)
                  700a9f3a    00000006     --HOLE-- [fill = 0]
                  700a9f40    000000c8                                              : udma_event.obj (.text.Udma_eventCheckUnRegister)
                  700aa008    00000008     --HOLE-- [fill = 0]
                  700aa010    000000c8                                              : udma_ring_common.obj (.text.Udma_ringFree)
                  700aa0d8    000000c8     libc.a : getdevice.c.obj (.text.getdevice)
                  700aa1a0    000000c6     enet-icssg.am64x.r5f.ti-arm-clang.debug.lib : enet.obj (.text.Enet_getDmaHandle)
                  700aa266    0000000a     --HOLE-- [fill = 0]
                  700aa270    000000c6                                                 : icssg.obj (.text.Icssg_handleMdioLinkStateChange)
                  700aa336    0000000a     --HOLE-- [fill = 0]
                  700aa340    000000c6     drivers.am64x.r5f.ti-arm-clang.debug.lib : soc.obj (.text.SOC_isR5FDualCoreMode)
                  700aa406    0000000a     --HOLE-- [fill = 0]
                  700aa410    000000c6                                              : udma_event.obj (.text.Udma_eventUnRegister)
                  700aa4d6    0000000a     --HOLE-- [fill = 0]
                  700aa4e0    000000c4     ti_enet_config.o (.text.EnetCb_GetFwPoolMem)
                  700aa5a4    0000000c     --HOLE-- [fill = 0]
                  700aa5b0    000000c4     enet-icssg.am64x.r5f.ti-arm-clang.debug.lib : mdio_ioctl.obj (.text.Mdio_normal_ioctl_handler_ENET_MDIO_IOCTL_C45_READ)
                  700aa674    0000000c     --HOLE-- [fill = 0]
                  700aa680    000000c4                                                 : mdio.obj (.text.Mdio_setupNormalMode)
                  700aa744    0000000c     --HOLE-- [fill = 0]
                  700aa750    000000c4     drivers.am64x.r5f.ti-arm-clang.debug.lib : sciclient_rm_irq.obj (.text.Sciclient_rmIrqIsVintRouteSet)
                  700aa814    0000000c     --HOLE-- [fill = 0]
                  700aa820    000000c4                                              : uart_v0.obj (.text.UART_flushTxFifo)
                  700aa8e4    0000000c     --HOLE-- [fill = 0]
                  700aa8f0    000000c2                                              : uart_v0.obj (.text.UART_writePolling)
                  700aa9b2    0000000e     --HOLE-- [fill = 0]
                  700aa9c0    000000c2                                              : udma_ch.obj (.text.Udma_chClose)
                  700aaa82    0000000e     --HOLE-- [fill = 0]
                  700aaa90    000000c0                                              : csl_bcdma.obj (.text.CSL_bcdmaChanOpAccessRemotePeerReg)
                  700aab50    000000c0     enet-icssg.am64x.r5f.ti-arm-clang.debug.lib : enet.obj (.text.Enet_registerEventCb)
                  700aac10    000000c0                                                 : icssg.obj (.text.Icssg_initPriorityRegen)
                  700aacd0    000000c0                                                 : mdio_ioctl.obj (.text.Mdio_normal_ioctl_handler_ENET_MDIO_IOCTL_C45_WRITE)
                  700aad90    000000c0     freertos.am64x.r5f.ti-arm-clang.debug.lib : printf.obj (.text._out_rev)
                  700aae50    000000be     enet-icssg.am64x.r5f.ti-arm-clang.debug.lib : enetphy.obj (.text.EnetPhy_getLocalCaps)
                  700aaf0e    00000002     --HOLE-- [fill = 0]
                  700aaf10    000000be                                                 : enet_rm.obj (.text.EnetRm_initResourceQ)
                  700aafce    00000002     --HOLE-- [fill = 0]
                  700aafd0    000000bc     ti_enet_open_close.o (.text.EnetApp_openAllTxDmaChannels)
                  700ab08c    00000004     --HOLE-- [fill = 0]
                  700ab090    000000bc     enet-icssg.am64x.r5f.ti-arm-clang.debug.lib : enet_osal_dflt.obj (.text.EnetOsalDflt_initCfg)
                  700ab14c    00000004     --HOLE-- [fill = 0]
                  700ab150    000000ba                                                 : enet_apputils.obj (.text.EnetAppUtils_updatemacResPart)
                  700ab20a    00000006     --HOLE-- [fill = 0]
                  700ab210    000000ba     ti_enet_soc.o (.text.EnetSoc_getTxChPeerId)
                  700ab2ca    00000006     --HOLE-- [fill = 0]
                  700ab2d0    000000ba     freertos.am64x.r5f.ti-arm-clang.debug.lib : timers.obj (.text.xTimerGenericCommand)
                  700ab38a    00000006     --HOLE-- [fill = 0]
                  700ab390    000000b8     ti_enet_open_close.o (.text.EnetApp_openAllRxDmaChannels)
                  700ab448    00000008     --HOLE-- [fill = 0]
                  700ab450    000000b8     enet-icssg.am64x.r5f.ti-arm-clang.debug.lib : mdio_manual_ioctl.obj (.text.Mdio_manual_ioctl_handler_ENET_MDIO_IOCTL_C45_WRITE)
                  700ab508    00000008     --HOLE-- [fill = 0]
                  700ab510    000000b6                                                 : csl_mdio.obj (.text.CSL_MDIO_phyRegRead2)
                  700ab5c6    0000000a     --HOLE-- [fill = 0]
                  700ab5d0    000000b6     drivers.am64x.r5f.ti-arm-clang.debug.lib : csl_pktdma.obj (.text.CSL_pktdmaAccessChanPeerReg)
                  700ab686    0000000a     --HOLE-- [fill = 0]
                  700ab690    000000b6     ti_enet_config.o (.text.EnetApp_getEnetInstInfo)
                  700ab746    0000000a     --HOLE-- [fill = 0]
                  700ab750    000000b6     enet_layer2_icssg.o (.text.EnetApp_updateIcssgInitCfg)
                  700ab806    0000000a     --HOLE-- [fill = 0]
                  700ab810    000000b6     enet-icssg.am64x.r5f.ti-arm-clang.debug.lib : mdio_manual_ioctl.obj (.text.Mdio_manual_ioctl_handler_ENET_MDIO_IOCTL_C45_READ)
                  700ab8c6    0000000a     --HOLE-- [fill = 0]
                  700ab8d0    000000b6     drivers.am64x.r5f.ti-arm-clang.debug.lib : uart_v0.obj (.text.UART_readPolling)
                  700ab986    0000000a     --HOLE-- [fill = 0]
                  700ab990    000000b4     enet-icssg.am64x.r5f.ti-arm-clang.debug.lib : enet_rm_ioctl.obj (.text.EnetRm_freeInternalRxFlowIdx)
                  700aba44    0000000c     --HOLE-- [fill = 0]
                  700aba50    000000b4                                                 : icssg.obj (.text.Icssg_close)
                  700abb04    000000b4     libc.a : fclose.c.obj (.text.__TI_closefile)
                  700abbb8    000000b4            : fseek.c.obj (.text.fseeko)
                  700abc6c    00000004     --HOLE-- [fill = 0]
                  700abc70    000000b2     ti_enet_open_close.o (.text.EnetApp_doIcssgOpen)
                  700abd22    0000000e     --HOLE-- [fill = 0]
                  700abd30    000000b2     enet-icssg.am64x.r5f.ti-arm-clang.debug.lib : enet.obj (.text.Enet_init)
                  700abde2    0000000e     --HOLE-- [fill = 0]
                  700abdf0    000000b2     drivers.am64x.r5f.ti-arm-clang.debug.lib : sciclient.obj (.text.Sciclient_getCurrentContext)
                  700abea2    0000000e     --HOLE-- [fill = 0]
                  700abeb0    000000b2     ti_drivers_config.o (.text.System_init)
                  700abf62    0000000e     --HOLE-- [fill = 0]
                  700abf70    000000b0     enet-icssg.am64x.r5f.ti-arm-clang.debug.lib : csl_mdio.obj (.text.CSL_MDIO_phyInitiateRegWriteC45)
                  700ac020    000000b0                                                 : enet_queue.obj (.text.EnetQueue_deq)
                  700ac0d0    000000b0     ti_enet_soc.o (.text.EnetSoc_getRxFlowCount)
                  700ac180    000000b0     ti_enet_soc.o (.text.EnetSoc_getTxChCount)
                  700ac230    000000b0     enet-icssg.am64x.r5f.ti-arm-clang.debug.lib : enet.obj (.text.Enet_poll)
                  700ac2e0    000000b0                                                 : icssg_stats.obj (.text.IcssgStats_open)
                  700ac390    000000b0     drivers.am64x.r5f.ti-arm-clang.debug.lib : uart_v0.obj (.text.UART_init)
                  700ac440    000000b0                                              : udma_ch.obj (.text.Udma_chCheckParams)
                  700ac4f0    000000b0     enet_layer2_icssg.o (.text.set_priority_queue_mapping)
                  700ac5a0    000000b0     freertos.am64x.r5f.ti-arm-clang.debug.lib : queue.obj (.text.xQueueGenericReset)
                  700ac650    000000ae     ti_drivers_open_close.o (.text.Drivers_i2cOpen)
                  700ac6fe    00000002     --HOLE-- [fill = 0]
                  700ac700    000000ae     ti_enet_open_close.o (.text.EnetApp_closeTxDma)
                  700ac7ae    00000002     --HOLE-- [fill = 0]
                  700ac7b0    000000ae     enet_layer2_icssg.o (.text.EnetMp_dumpPhy)
                  700ac85e    00000002     --HOLE-- [fill = 0]
                  700ac860    000000ae     enet-icssg.am64x.r5f.ti-arm-clang.debug.lib : icssg_utils.obj (.text.IcssgUtils_hwqPop)
                  700ac90e    00000002     --HOLE-- [fill = 0]
                  700ac910    000000ae                                                 : icssg_utils.obj (.text.Icssg_R30SendSyncIoctl)
                  700ac9be    00000002     --HOLE-- [fill = 0]
                  700ac9c0    000000ae                                                 : mdio.obj (.text.Mdio_close)
                  700aca6e    00000002     --HOLE-- [fill = 0]
                  700aca70    000000ae     drivers.am64x.r5f.ti-arm-clang.debug.lib : udma_soc.obj (.text.Udma_getMappedChRingAttributes)
                  700acb1e    00000002     --HOLE-- [fill = 0]
                  700acb20    000000ae     freertos.am64x.r5f.ti-arm-clang.debug.lib : queue.obj (.text.prvUnlockQueue)
                  700acbce    00000002     --HOLE-- [fill = 0]
                  700acbd0    000000ac     ti_enet_config.o (.text.EnetApp_coreAttach)
                  700acc7c    00000004     --HOLE-- [fill = 0]
                  700acc80    000000ac     ti_enet_config.o (.text.EnetApp_initializeMacAddrPool)
[...]
700d25b4  TIMESYNC_EVENT_INTROUTER0_outl_15_15_to_PRU_ICSSG1_pr1_edc1_latch1_in_3_3     
700d25bc  TIMESYNC_EVENT_INTROUTER0_outl_16_16_to_CPTS0_cpts_hw1_push_0_0               
700d25c4  TIMESYNC_EVENT_INTROUTER0_outl_17_17_to_CPTS0_cpts_hw2_push_1_1               
700d25cc  TIMESYNC_EVENT_INTROUTER0_outl_18_18_to_CPTS0_cpts_hw3_push_2_2               
700d25d4  TIMESYNC_EVENT_INTROUTER0_outl_19_19_to_CPTS0_cpts_hw4_push_3_3               
700d25dc  TIMESYNC_EVENT_INTROUTER0_outl_20_20_to_CPTS0_cpts_hw5_push_4_4               
700d25e4  TIMESYNC_EVENT_INTROUTER0_outl_21_21_to_CPTS0_cpts_hw6_push_5_5               
700d25ec  TIMESYNC_EVENT_INTROUTER0_outl_22_22_to_CPTS0_cpts_hw7_push_6_6               
700d25f4  TIMESYNC_EVENT_INTROUTER0_outl_23_23_to_CPTS0_cpts_hw8_push_7_7               
700d25fc  TIMESYNC_EVENT_INTROUTER0_outl_29_29_to_PCIE0_pcie_cpts_hw2_push_0_0          
700d2604  TIMESYNC_EVENT_INTROUTER0_outl_30_30_to_CPSW0_cpts_hw1_push_0_0               
700d260c  TIMESYNC_EVENT_INTROUTER0_outl_31_31_to_CPSW0_cpts_hw2_push_1_1               
700d2614  TIMESYNC_EVENT_INTROUTER0_outl_32_32_to_CPSW0_cpts_hw3_push_2_2               
700d261c  TIMESYNC_EVENT_INTROUTER0_outl_33_33_to_CPSW0_cpts_hw4_push_3_3               
700d2624  TIMESYNC_EVENT_INTROUTER0_outl_34_34_to_CPSW0_cpts_hw5_push_4_4               
700d262c  TIMESYNC_EVENT_INTROUTER0_outl_35_35_to_CPSW0_cpts_hw6_push_5_5               
700d2634  TIMESYNC_EVENT_INTROUTER0_outl_36_36_to_CPSW0_cpts_hw7_push_6_6               
700d263c  TIMESYNC_EVENT_INTROUTER0_outl_37_37_to_CPSW0_cpts_hw8_push_7_7               
700d2644  TIMESYNC_EVENT_INTROUTER0_outl_8_8_to_PRU_ICSSG0_pr1_edc0_latch0_in_0_0       
700d264c  TIMESYNC_EVENT_INTROUTER0_outl_9_9_to_PRU_ICSSG0_pr1_edc0_latch1_in_1_1       
700d2664  gEnetPhyDrvTbl                                                                
700d2674  tisci_if_GPIO0                                                                
700d267c  tisci_if_GPIO1                                                                
700d2684  tisci_if_MCU_GPIO0                                                            
700d274c  gRmIrqTreeCount                                                               
700d2750  tisci_if_EPWM0                                                                
700d2754  tisci_if_EPWM3                                                                
700d2758  tisci_if_EPWM6                                                                
700d275c  tisci_if_GPMC0                                                                
700d2760  tisci_if_GTC0                                                                 
700d2764  tisci_if_TIMER0                                                               
700d2768  tisci_if_TIMER1                                                               
700d276c  tisci_if_TIMER2                                                               
700d2770  tisci_if_TIMER3                                                               
700d2774  uxTopUsedPriority                                                             
700d2780  RX_PRU_SLICE0_b00_DMac                                                        
700d3a40  RX_PRU_SLICE1_b00_DMac                                                        
700d4d60  RTU0_SLICE0_b00_DMac                                                          
700d5970  RTU0_SLICE1_b00_DMac                                                          
700d6470  TX_PRU_SLICE0_b00_DMac                                                        
700d77d0  TX_PRU_SLICE1_b00_DMac                                                        
700d88e0  RX_PRU_SLICE0_b00_Swt                                                         
700da190  RX_PRU_SLICE1_b00_Swt                                                         
700dba90  RTU0_SLICE0_b00_Swt                                                           
700dc890  RTU0_SLICE1_b00_Swt                                                           
700dd584  TX_PRU_SLICE0_b00_Swt                                                         
700de7e8  TX_PRU_SLICE1_b00_Swt                                                         
700fef80  __BSS_START                                                                   
70101780  gMainTaskStack                                                                
70103780  gHwiCtrl                                                                      
701074e0  gEnetMp                                                                       
70109888  gUdmaDrvObj                                                                   
7010ac34  gEnetSoc_dmaObj                                                               
7010c19c  gEepromObject_AT24C                                                           
7010c4c8  _CIOBUF_                                                                      
7010c4c8  __CIOBUF_                                                                     
7010c5e8  gEnetMp_icssgPaStats                                                          
7010c808  xQueueRegistry                                                                
7010c908  gEnetMp_icssgStats                                                            
7010c9f8  gEnetUtilsObj                                                                 
7010cad0  __TI_tmpnams                                                                  
7010cb70  gTaskP_ctrl                                                                   
7010cdc0  gMainTaskObj                                                                  
7010ce4c  gRovDummyQueue                                                                
7010ce9c  gEnetOsalObj                                                                  
7010ced8  gClockCtrl                                                                    
7010cff0  virtToPhymap                                                                  
7010d000  IcssgUtils_BufPoolCfg                                                         
7010d008  gI2cHandle                                                                    
7010d010  parmbuf                                                                       
7010d030  gEepromHandle                                                                 
7010d034  gMainTask                                                                     
7010d038  gUartHandle                                                                   
7010d080  __BSS_END                                                                     
70119e20  _sys_memory                                                                   
7011a220  __stack                                                                       
7011c220  __STACK_END                                                                   
7011c240  gUartDmaConfig                                                                
7011d358  _ftable                                                                       
7011d6b8  vint_usage_count_DMASS0_INTAGGR_0                                             
7011da80  gPruIcssHwAttrs_ICSSG0                                                        
7011db84  _device                                                                       
7011dda4  gRmIrInstances                                                                
7011de04  gUdmaRmSharedResPrms                                                          
7011de5c  gEnetMacAddrPool                                                              
7011df04  gEnetSoc_perObj                                                               
7011dfac  gUartParams                                                                   
7011e000  _stream                                                                       
7011e1ac  count                                                                         
7011e1ec  gSocModulesClockFrequency                                                     
7011e280  gEnetPhyDrvDp83867                                                            
7011e2a8  gEnetPhyDrvGeneric                                                            
7011e2d0  Icssq_FwPoolMemInfo                                                           
7011e2f0  gRmIaInstances                                                                
7011e310  gSciclientSecProxyCfg                                                         
7011e330  gClockConfig                                                                  
7011e3c0  gI2cParams                                                                    
7011e408  gSocModules                                                                   
7011e430  IcssgUtils_R30DmemAddr                                                        
7011e450  gEepromFxns_AT24C                                                             
7011e460  gEnetSoc_PruIcssg0                                                            
7011e470  gEnetSoc_PruIcssg1                                                            
7011e480  gI2cConfig                                                                    
7011e4bc  gAddrTranslateConfig                                                          
7011e4c8  gEepromAttrs_AT24C                                                            
7011e4d4  gEepromConfig                                                                 
7011e4e0  __TI_cleanup_ptr                                                              
7011e4e4  __TI_dtors_ptr                                                                
7011e4f8  gEepromParams                                                                 
7011e500  gEnetSoc_dmaObjMemInfo                                                        
7011e508  gPruIcssConfig                                                                
7011e518  gUartConfig                                                                   
7011e538  FreeRTOS_errno                                                                
7011e53c  __TI_ft_end                                                                   
7011e540  __aeabi_errno                                                                 
7011e544  _lock                                                                         
7011e548  _unlock                                                                       
7011e550  gDebugLogZone                                                                 
7011e554  gDebugP_uartDrvIndex                                                          
7011e558  gEepromConfigNum                                                              
7011e55c  gEnetOsalHwiAllocCnt                                                          
7011e560  gEnetOsalHwiPeak                                                              
7011e564  gEnetOsalSemAllocCnt                                                          
7011e568  gEnetOsalSemPeak                                                              
7011e56c  gHwiConfig                                                                    
7011e570  gI2cConfigNum                                                                 
7011e574  gPruIcssConfigNum                                                             
7011e578  gUartConfigNum                                                                
7011e57c  gUartDmaConfigNum                                                             
7011e588  pxCurrentTCB                                                                  
7011e58c  reqTs                                                                         
7011e590  ulPortInterruptNesting                                                        
7011e594  ulPortSchedularRunning                                                        
7011e598  ulPortTaskHasFPUContext                                                       
7011e59c  ulPortYieldRequired                                                           
7011e5f4  gEnetTrace_runtimeLevel                                                       
7011e5f6  isMapAvailable                                                                
7011e601  HwiP_enableInt                                                                
7011e641  HwiP_disableInt                                                               
7011e6a1  HwiP_restoreInt                                                               
7011e6d1  HwiP_clearInt                                                                 
7011e711  HwiP_post                                                                     
7011e751  HwiP_Params_init                                                              
7011e781  HwiP_construct                                                                
7011e981  HwiP_destruct                                                                 
7011e9f1  HwiP_init                                                                     
7011eba1  HwiP_inISR                                                                    
7011ebd1  HwiP_irq_handler_c                                                            
7011ed11  HwiP_fiq_handler                                                              
7011ee81  HwiP_reserved_handler                                                         
7011eec1  HwiP_undefined_handler                                                        
7011ef01  HwiP_prefetch_abort_handler                                                   
7011ef41  HwiP_data_abort_handler_c                                                     
7011ef74  vPortRestoreTaskContext                                                       
7011efac  HwiP_svc_handler                                                              
7011f01c  HwiP_irq_handler                                                              
7011f160  HwiP_disable                                                                  
7011f170  HwiP_disableFIQ                                                               
7011f180  HwiP_enable                                                                   
7011f190  HwiP_enableFIQ                                                                
7011f1a0  HwiP_restore                                                                  
7011f1a8  HwiP_enableVIC                                                                
7011f1b8  HwiP_disableVIC                                                               
7011f1c8  HwiP_getCPSR                                                                  
7011f1d0  HwiP_data_abort_handler                                                       
7011f220  CacheP_disableL1d                                                             
7011f248  CacheP_disableL1p                                                             
7011f260  CacheP_enableL1d                                                              
7011f278  CacheP_enableL1p                                                              
7011f290  CacheP_invL1d                                                                 
7011f2c8  CacheP_invL1p                                                                 
7011f304  CacheP_invL1dAll                                                              
7011f30c  CacheP_invL1pAll                                                              
7011f314  CacheP_wb                                                                     
7011f350  CacheP_wbInv                                                                  
7011f38c  CacheP_wbAll                                                                  
7011f434  CacheP_wbInvAll                                                               
7011f44c  CacheP_wbInvAllAsm                                                            
7011f4ec  CacheP_getEnabled                                                             
7011f524  CacheP_getCacheLevelInfo                                                      
7011f530  CacheP_configForceWrThru                                                      
7011f550  CacheP_setDLFO                                                                
7011f561  CacheP_init                                                                   
7011f5f1  CacheP_disable                                                                
7011f641  CacheP_enable                                                                 
7011f681  CacheP_inv                                                                    
7011f6c1  MpuP_RegionAttrs_init                                                         
7011f6f1  MpuP_setRegion                                                                
7011f7e1  MpuP_isEnable                                                                 
7011f7f1  MpuP_disable                                                                  
7011f831  MpuP_enable                                                                   
7011f871  MpuP_init                                                                     
7011f908  MpuP_disableAsm                                                               
7011f920  MpuP_disableBRAsm                                                             
7011f930  MpuP_enableAsm                                                                
7011f948  MpuP_enableBRAsm                                                              
7011f958  MpuP_isEnableAsm                                                              
7011f96c  MpuP_setRegionAsm                                                             
7011f980  _c_int00_sbl                                                                  
7011f9a4  _c_int00                                                                      
7011fa81  _DebugP_assertNoLog                                                           
7011fab1  __mpu_init                                                                    
7011fac0  C$$EXIT                                                                       
7011fac0  abort                                                                         
7011fac8  __IRQ_STACK_START                                                             
7011fbc8  __FIQ_STACK_START                                                             
7011fbc8  __IRQ_STACK_END                                                               
7011fcc8  __FIQ_STACK_END                                                               
7011fcc8  __SVC_STACK_START                                                             
70120cc8  __ABORT_STACK_START                                                           
70120cc8  __SVC_STACK_END                                                               
70120dc8  __ABORT_STACK_END                                                             
70120dc8  __UNDEFINED_STACK_START                                                       
70120ec8  __UNDEFINED_STACK_END                                                         
ffffffff  __TI_pprof_out_hndl                                                           
ffffffff  __TI_prof_data_size                                                           
ffffffff  __TI_prof_data_start                                                          
ffffffff  __binit__                                                                     
ffffffff  binit                                                                         
UNDEFED   __TI_CINIT_Base                                                               
UNDEFED   __TI_CINIT_Limit                                                              
UNDEFED   __TI_Handler_Table_Base                                                       
UNDEFED   __TI_Handler_Table_Limit                                                      
UNDEFED   _system_post_cinit                                                            

[1229 symbols]
