******************************************************************************
            TI ARM Clang Linker PC v2.1.3                      
******************************************************************************
>> Linked Thu Sep 17 15:21:27 2026

OUTPUT FILE NAME:   <enet_layer2_icssg_am64x-evm_r5fss0-0_freertos_ti-arm-clang.out>
ENTRY POINT SYMBOL: "_vectors"  address: 00000000


MEMORY CONFIGURATION

         name            origin    length      used     unused   attr    fill
----------------------  --------  ---------  --------  --------  ----  --------
  R5F_VECS              00000000   00000040  00000040  00000000  RWIX
  R5F_TCMA              00000040   00007fc0  00000000  00007fc0  RWIX
  R5F_TCMB0             41010000   00008000  00000000  00008000  RWIX
  FLASH                 60100000   00080000  00000000  00080000  RWIX
  MSRAM                 70080000   00160000  000a0e78  000bf188  RWIX


SEGMENT ALLOCATION MAP

run origin  load origin   length   init length attrs members
----------  ----------- ---------- ----------- ----- -------
00000000    00000000    00000040   00000040    r-x
  00000000    00000000    00000040   00000040    r-x .vectors
70080000    70080000    00052750   00052750    r-x
  70080000    70080000    00040930   00040930    r-x .text
  700c0930    700c0930    00011e20   00011e20    r-- .rodata
700d2780    700d2780    0000d07c   0000d07c    r--
  700d2780    700d2780    0000d07c   0000d07c    r-- .icssfw
700fef80    700fef80    0000e100   00000000    rw-
  700fef80    700fef80    0000e100   00000000    rw- .bss
70119e20    70119e20    00002400   00000000    rw-
  70119e20    70119e20    00000400   00000000    rw- .sysmem
  7011a220    7011a220    00002000   00000000    rw- .stack
7011c240    7011c240    000023c0   000023c0    rw-
  7011c240    7011c240    000023c0   000023c0    rw- .data
7011e600    7011e600    000028c8   000014c8    r-x
  7011e600    7011e600    00000c20   00000c20    r-x .text.hwi
  7011f220    7011f220    000004a0   000004a0    r-x .text.cache
  7011f6c0    7011f6c0    000002c0   000002c0    r-x .text.mpu
  7011f980    7011f980    00000140   00000140    r-x .text.boot
  7011fac0    7011fac0    00000008   00000008    r-x .text:abort
  7011fac8    7011fac8    00000100   00000000    r-- .irqstack
  7011fbc8    7011fbc8    00000100   00000000    r-- .fiqstack
  7011fcc8    7011fcc8    00001000   00000000    r-- .svcstack
  70120cc8    70120cc8    00000100   00000000    r-- .abortstack
  70120dc8    70120dc8    00000100   00000000    r-- .undefinedstack


SECTION ALLOCATION MAP

 output                                  attributes/
section   page    origin      length       input sections
--------  ----  ----------  ----------   ----------------
.vectors   0    00000000    00000040     
                  00000000    00000040     freertos.am64x.r5f.ti-arm-clang.debug.lib : HwiP_armv7r_vectors_freertos_asm.obj (.vectors)

.text      0    70080000    00040930     
                  70080000    000013b0     libc.a : _scanfi.c.obj (.text.__TI_scanfi)
                  700813b0    00000a34     freertos.am64x.r5f.ti-arm-clang.debug.lib : printf.obj (.text._vsnprintf)
                  70081de4    0000000c     libc.a : aeabi_portable.c.obj (.text.__aeabi_errno_addr)
                  70081df0    00000a00     enet-icssg.am64x.r5f.ti-arm-clang.debug.lib : icssg_utils.obj (.text.IcssgUtils_configSwtFw)
                  700827f0    0000089e                                                 : enet_udma.obj (.text.EnetDma_openTxCh)
                  7008308e    00000002     --HOLE-- [fill = 0]
                  70083090    00000854                                                 : icssg_utils.obj (.text.IcssgUtils_fwConfig)
                  700838e4    0000000c     libc.a : memory.c.obj (.text.malloc)
                  700838f0    000007cc     enet-icssg.am64x.r5f.ti-arm-clang.debug.lib : enet_udma_priv.obj (.text.EnetUdma_submitPkts)
                  700840bc    00000004     libc.a : _lock.c.obj (.text._nop)
                  700840c0    00000710     enet-icssg.am64x.r5f.ti-arm-clang.debug.lib : enet_udma.obj (.text.EnetDma_openRxCh)
                  700847d0    00000704                                                 : icssg.obj (.text.Icssg_open)
                  70084ed4    0000000c     freertos.am64x.r5f.ti-arm-clang.debug.lib : CpuId_armv7r_asm.obj (.text)
                  70084ee0    000006b2     drivers.am64x.r5f.ti-arm-clang.debug.lib : i2c_v0.obj (.text.I2C_primeTransfer)
                  70085592    00000002     --HOLE-- [fill = 0]
                  70085594    00000004     libc.a : fseek.c.obj (.text.fseek)
                  70085598    00000004     libsysbm.a : remove.c.obj (.text.remove)
                  7008559c    00000004     libclang_rt.builtins.a : aeabi_memcpy.S.obj (.text)
                  700855a0    000005f4     drivers.am64x.r5f.ti-arm-clang.debug.lib : sciclient_rm_irq.obj (.text.Sciclient_rmIrqRouteValidate)
                  70085b94    0000000c     --HOLE-- [fill = 0]
                  70085ba0    000005ca     enet-icssg.am64x.r5f.ti-arm-clang.debug.lib : enet_osal.obj (.text.EnetOsal_init)
                  7008616a    00000006     --HOLE-- [fill = 0]
                  70086170    00000550     drivers.am64x.r5f.ti-arm-clang.debug.lib : udma_rm.obj (.text.Udma_rmInit)
                  700866c0    00000548     enet-icssg.am64x.r5f.ti-arm-clang.debug.lib : enet_apputils.obj (.text.EnetAppUtils_printIcssgPaStats)
                  70086c08    00000008     --HOLE-- [fill = 0]
                  70086c10    00000548                                                 : icssg_utils.obj (.text.IcssgUtils_checkFwPoolMem)
                  70087158    00000008     --HOLE-- [fill = 0]
                  70087160    00000540     enet_layer2_icssg.o (.text.EnetMp_rxTask)
                  700876a0    0000051e     freertos.am64x.r5f.ti-arm-clang.debug.lib : printf.obj (.text._ftoa)
                  70087bbe    00000002     --HOLE-- [fill = 0]
                  70087bc0    0000051a     enet-icssg.am64x.r5f.ti-arm-clang.debug.lib : enet_udma_priv.obj (.text.EnetUdma_allocRing)
                  700880da    00000006     --HOLE-- [fill = 0]
                  700880e0    000004d2                                                 : enet_apputils.obj (.text.EnetAppUtils_printIcssgMacPortStats)
                  700885b2    00000006     --HOLE-- [fill = 0]
                  700885b8    000004cc     libc.a : strtod.c.obj (.text.strtod)
                  70088a84    0000000c     --HOLE-- [fill = 0]
                  70088a90    000004c4     enet-icssg.am64x.r5f.ti-arm-clang.debug.lib : enet_appmemutils.obj (.text.EnetMem_initCore)
                  70088f54    0000000c     --HOLE-- [fill = 0]
                  70088f60    00000478     freertos.am64x.r5f.ti-arm-clang.debug.lib : printf.obj (.text._etoa)
                  700893d8    00000008     --HOLE-- [fill = 0]
                  700893e0    00000436     enet-icssg.am64x.r5f.ti-arm-clang.debug.lib : enet_rm.obj (.text.EnetRm_detachCore)
                  70089816    0000000a     --HOLE-- [fill = 0]
                  70089820    00000430                                                 : icssg.obj (.text.Icssg_ioctl)
                  70089c50    00000422     enet_layer2_icssg.o (.text.EnetMp_mainTask)
                  7008a072    0000000e     --HOLE-- [fill = 0]
                  7008a080    000003fc     enet-icssg.am64x.r5f.ti-arm-clang.debug.lib : enet_udma.obj (.text.EnetUdma_openRxCh)
                  7008a47c    00000004     --HOLE-- [fill = 0]
                  7008a480    000003f6                                                 : icssg.obj (.text.Icssg_registerIoctlHandler)
                  7008a876    00000002     --HOLE-- [fill = 0]
                  7008a878    000003e4     libc.a : _printfi.c.obj (.text:__TI_printfi_minimal)
                  7008ac5c    00000004     --HOLE-- [fill = 0]
                  7008ac60    000003dc     drivers.am64x.r5f.ti-arm-clang.debug.lib : i2c_v0.obj (.text.I2C_hwiFxnController)
                  7008b03c    00000004     --HOLE-- [fill = 0]
                  7008b040    000003d4     enet-icssg.am64x.r5f.ti-arm-clang.debug.lib : dp83867.obj (.text.Dp83867_printRegs)
                  7008b414    0000000c     --HOLE-- [fill = 0]
                  7008b420    000003d2     drivers.am64x.r5f.ti-arm-clang.debug.lib : soc.obj (.text.SOC_phyToVirt)
                  7008b7f2    0000000e     --HOLE-- [fill = 0]
                  7008b800    000003bc                                              : udma_soc.obj (.text.Udma_initDrvHandle)
                  7008bbbc    00000004     --HOLE-- [fill = 0]
                  7008bbc0    000003b0     enet-icssg.am64x.r5f.ti-arm-clang.debug.lib : enet_rm.obj (.text.EnetRm_close)
                  7008bf70    000003a4                                                 : enet_udma_priv.obj (.text.EnetUdma_processRetrievedDesc)
                  7008c314    0000000c     --HOLE-- [fill = 0]
                  7008c320    0000039c     drivers.am64x.r5f.ti-arm-clang.debug.lib : udma_ch.obj (.text.Udma_chAllocResource)
                  7008c6bc    00000004     --HOLE-- [fill = 0]
                  7008c6c0    00000372                                              : udma_rmcfg_common.obj (.text.UdmaRmInitPrms_init)
                  7008ca32    0000000e     --HOLE-- [fill = 0]
                  7008ca40    0000036e                                              : i2c_v0.obj (.text.I2C_open)
                  7008cdae    00000002     --HOLE-- [fill = 0]
                  7008cdb0    00000362                                              : pruicss_g_v0.obj (.text.PRUICSS_intcInit)
                  7008d112    0000000e     --HOLE-- [fill = 0]
                  7008d120    00000360                                              : udma_ch.obj (.text.Udma_chDisableTxChan)
                  7008d480    0000035a                                              : udma_event.obj (.text.Udma_eventConfig)
                  7008d7da    00000006     --HOLE-- [fill = 0]
                  7008d7e0    00000354     enet-icssg.am64x.r5f.ti-arm-clang.debug.lib : mdio.obj (.text.Mdio_open)
                  7008db34    0000000c     --HOLE-- [fill = 0]
                  7008db40    0000034e     drivers.am64x.r5f.ti-arm-clang.debug.lib : i2c_v0.obj (.text.I2C_hwiFxnTarget)
                  7008de8e    00000002     --HOLE-- [fill = 0]
                  7008de90    0000034e     enet-icssg.am64x.r5f.ti-arm-clang.debug.lib : icssg.obj (.text.Icssg_setDscpPriority)
                  7008e1de    00000002     --HOLE-- [fill = 0]
                  7008e1e0    00000340                                                 : enet_appmemutils.obj (.text.EnetMem_deInit)
                  7008e520    00000322     drivers.am64x.r5f.ti-arm-clang.debug.lib : soc.obj (.text.SOC_virtToPhy)
                  7008e842    0000000e     --HOLE-- [fill = 0]
                  7008e850    0000030c     enet-icssg.am64x.r5f.ti-arm-clang.debug.lib : icssg.obj (.text.Icssg_configAndDownloadFw)
                  7008eb5c    00000004     --HOLE-- [fill = 0]
                  7008eb60    00000306     drivers.am64x.r5f.ti-arm-clang.debug.lib : sciclient_rm_irq.obj (.text.Sciclient_rmIrqGetRoute)
                  7008ee66    0000000a     --HOLE-- [fill = 0]
                  7008ee70    000002fe     enet_layer2_icssg.o (.text.EnetMp_open)
                  7008f16e    00000002     --HOLE-- [fill = 0]
                  7008f170    000002f4     drivers.am64x.r5f.ti-arm-clang.debug.lib : udma_event.obj (.text.Udma_eventReset)
                  7008f464    0000000c     --HOLE-- [fill = 0]
                  7008f470    000002de     enet_layer2_icssg.o (.text.EnetApp_initLinkArgs)
                  7008f74e    00000002     --HOLE-- [fill = 0]
                  7008f750    000002da     drivers.am64x.r5f.ti-arm-clang.debug.lib : sciclient.obj (.text.Sciclient_service)
                  7008fa2a    00000006     --HOLE-- [fill = 0]
                  7008fa30    000002c8                                              : udma_ch.obj (.text.Udma_chDisableRxChan)
                  7008fcf8    00000008     --HOLE-- [fill = 0]
                  7008fd00    000002ba     ti_enet_open_close.o (.text.EnetApp_enablePorts)
                  7008ffba    00000006     --HOLE-- [fill = 0]
                  7008ffc0    000002aa     enet-icssg.am64x.r5f.ti-arm-clang.debug.lib : enet_udma.obj (.text.EnetDma_closeRxCh)
                  7009026a    00000006     --HOLE-- [fill = 0]
                  70090270    00000294     drivers.am64x.r5f.ti-arm-clang.debug.lib : csl_bcdma.obj (.text.CSL_bcdmaChanOpCfgChan)
                  70090504    0000000c     --HOLE-- [fill = 0]
                  70090510    00000292     enet-icssg.am64x.r5f.ti-arm-clang.debug.lib : enet_udma.obj (.text.EnetDma_closeTxCh)
                  700907a2    0000000e     --HOLE-- [fill = 0]
                  700907b0    0000028e                                                 : icssg.obj (.text.Icssg_setPriorityRegen)
                  70090a3e    00000002     --HOLE-- [fill = 0]
                  70090a40    0000028c     libc.a : strtoll.c.obj (.text.strtoll)
                  70090ccc    00000004     --HOLE-- [fill = 0]
                  70090cd0    00000282     enet-icssg.am64x.r5f.ti-arm-clang.debug.lib : enet_appmemutils.obj (.text.EnetMem_initMemObjs)
                  70090f52    0000000e     --HOLE-- [fill = 0]
                  70090f60    0000027a     freertos.am64x.r5f.ti-arm-clang.debug.lib : TimerP.obj (.text.TimerP_setup)
                  700911da    00000006     --HOLE-- [fill = 0]
                  700911e0    00000276     drivers.am64x.r5f.ti-arm-clang.debug.lib : uart_v0.obj (.text.UART_open)
                  70091456    0000000a     --HOLE-- [fill = 0]
                  70091460    00000268     enet_layer2_icssg.o (.text.EnetMp_waitForLinkUp)
                  700916c8    00000008     --HOLE-- [fill = 0]
                  700916d0    00000260     drivers.am64x.r5f.ti-arm-clang.debug.lib : udma_ch.obj (.text.Udma_chConfigRx)
                  70091930    00000256     enet_layer2_icssg.o (.text.EnetMp_openDma)
                  70091b86    0000000a     --HOLE-- [fill = 0]
                  70091b90    00000248     drivers.am64x.r5f.ti-arm-clang.debug.lib : sciclient_rm_irq.obj (.text.Sciclient_rmIrqFindRoute)
                  70091dd8    00000008     --HOLE-- [fill = 0]
                  70091de0    00000242                                              : uart_v0.obj (.text.UART_fifoConfig)
                  70092022    0000000e     --HOLE-- [fill = 0]
                  70092030    00000240                                              : uart_v0.obj (.text.UART_controllerIsr)
                  70092270    0000023e     enet-icssg.am64x.r5f.ti-arm-clang.debug.lib : enetphy.obj (.text.EnetPhy_enableState)
                  700924ae    00000002     --HOLE-- [fill = 0]
                  700924b0    0000023e     freertos.am64x.r5f.ti-arm-clang.debug.lib : printf.obj (.text._ntoa_format)
                  700926ee    00000002     --HOLE-- [fill = 0]
                  700926f0    00000238     enet_layer2_icssg.o (.text.EnetMp_close)
                  70092928    00000008     --HOLE-- [fill = 0]
                  70092930    00000236     enet-icssg.am64x.r5f.ti-arm-clang.debug.lib : enet_udma_priv.obj (.text.EnetUdma_initTxFreeDescQ)
                  70092b66    0000000a     --HOLE-- [fill = 0]
                  70092b70    00000236     freertos.am64x.r5f.ti-arm-clang.debug.lib : queue.obj (.text.xQueueSemaphoreTake)
                  70092da6    00000002     --HOLE-- [fill = 0]
                  70092da8    00000230     libc.a : strtoull.c.obj (.text.strtoull)
                  70092fd8    00000008     --HOLE-- [fill = 0]
                  70092fe0    00000222     drivers.am64x.r5f.ti-arm-clang.debug.lib : udma_event.obj (.text.Udma_eventRegister)
                  70093202    0000000e     --HOLE-- [fill = 0]
                  70093210    00000220     freertos.am64x.r5f.ti-arm-clang.debug.lib : queue.obj (.text.xQueueGenericSend)
                  70093430    0000021e     enet-icssg.am64x.r5f.ti-arm-clang.debug.lib : enet_rm_ioctl.obj (.text.EnetRm_allocMacAddr)
                  7009364e    00000002     --HOLE-- [fill = 0]
                  70093650    0000021e                                                 : icssg.obj (.text.Icssg_ioctlPortLinkCfg)
                  7009386e    00000002     --HOLE-- [fill = 0]
                  70093870    0000021e     drivers.am64x.r5f.ti-arm-clang.debug.lib : udma_event.obj (.text.Udma_eventAllocResource)
                  70093a8e    00000002     --HOLE-- [fill = 0]
                  70093a90    00000214                                              : udma_rm.obj (.text.Udma_rmSetSharedResRmInitPrms)
                  70093ca4    0000000c     --HOLE-- [fill = 0]
                  70093cb0    00000212     enet-icssg.am64x.r5f.ti-arm-clang.debug.lib : enet_appmemutils.obj (.text.EnetMem_allocEthPkt)
                  70093ec2    0000000e     --HOLE-- [fill = 0]
                  70093ed0    0000020c     drivers.am64x.r5f.ti-arm-clang.debug.lib : udma_ch.obj (.text.Udma_chFreeResource)
                  700940dc    00000004     --HOLE-- [fill = 0]
                  700940e0    0000020a                                              : udma_ring_common.obj (.text.Udma_ringAlloc)
                  700942ea    00000002     --HOLE-- [fill = 0]
                  700942ec    00000208     libc.a : strtol.c.obj (.text.strtol)
                  700944f4    0000000c     --HOLE-- [fill = 0]
                  70094500    00000200     enet-icssg.am64x.r5f.ti-arm-clang.debug.lib : enetphy.obj (.text.EnetPhy_bindDriver)
                  70094700    000001fa     drivers.am64x.r5f.ti-arm-clang.debug.lib : pruicss_g_v0.obj (.text.PRUICSS_intcSetCmr)
                  700948fa    00000006     --HOLE-- [fill = 0]
                  70094900    000001f6     enet_layer2_icssg.o (.text.EnetMp_txTsCb)
                  70094af6    0000000a     --HOLE-- [fill = 0]
                  70094b00    000001ea     enet-icssg.am64x.r5f.ti-arm-clang.debug.lib : enet_udma_priv.obj (.text.EnetUdma_retrievePkts)
                  70094cea    00000006     --HOLE-- [fill = 0]
                  70094cf0    000001e6     drivers.am64x.r5f.ti-arm-clang.debug.lib : uart_v0.obj (.text.UART_write)
                  70094ed6    0000000a     --HOLE-- [fill = 0]
                  70094ee0    000001e6                                              : udma_ch.obj (.text.Udma_chDisableBlkCpyChan)
                  700950c6    0000000a     --HOLE-- [fill = 0]
                  700950d0    000001e0     enet_layer2_icssg.o (.text.EnetMp_printStats)
                  700952b0    000001da     enet-icssg.am64x.r5f.ti-arm-clang.debug.lib : enet_udma.obj (.text.EnetUdma_getMappedRxChNum)
                  7009548a    00000006     --HOLE-- [fill = 0]
                  70095490    000001da                                                 : enet.obj (.text.Enet_validateIoctl)
                  7009566a    00000006     --HOLE-- [fill = 0]
                  70095670    000001d8     drivers.am64x.r5f.ti-arm-clang.debug.lib : udma_flow.obj (.text.Udma_flowConfig)
                  70095848    000001d8     libc.a : strtoul.c.obj (.text.strtoul)
                  70095a20    000001d8     freertos.am64x.r5f.ti-arm-clang.debug.lib : queue.obj (.text.xQueueReceive)
                  70095bf8    00000008     --HOLE-- [fill = 0]
                  70095c00    000001d4     drivers.am64x.r5f.ti-arm-clang.debug.lib : uart_v0.obj (.text.UART_read)
                  70095dd4    000001d0     libclang_rt.builtins.a : udivsi3.S.obj (.text)
                  70095fa4    0000000c     --HOLE-- [fill = 0]
                  70095fb0    000001ce     enet-icssg.am64x.r5f.ti-arm-clang.debug.lib : icssg.obj (.text.Icssg_handleLinkUp)
                  7009617e    00000002     --HOLE-- [fill = 0]
                  70096180    000001cc     drivers.am64x.r5f.ti-arm-clang.debug.lib : i2c_v0.obj (.text.I2C_transfer)
                  7009634c    00000004     --HOLE-- [fill = 0]
                  70096350    000001ca     enet-icssg.am64x.r5f.ti-arm-clang.debug.lib : enet_udma.obj (.text.EnetDma_submitRxPktQ)
                  7009651a    00000006     --HOLE-- [fill = 0]
                  70096520    000001c6     ti_enet_open_close.o (.text.EnetApp_getRxDmaHandle)
                  700966e6    0000000a     --HOLE-- [fill = 0]
                  700966f0    000001c6     enet-icssg.am64x.r5f.ti-arm-clang.debug.lib : enet_udma.obj (.text.EnetDma_submitTxPktQ)
                  700968b6    0000000a     --HOLE-- [fill = 0]
                  700968c0    000001c6                                                 : enet_rm_ioctl.obj (.text.EnetRm_allocTxChNum)
                  70096a86    0000000a     --HOLE-- [fill = 0]
                  70096a90    000001c2                                                 : enet.obj (.text.Enet_validateGenericIoctl)
                  70096c52    0000000e     --HOLE-- [fill = 0]
                  70096c60    000001c0                                                 : icssg.obj (.text.IcssgMacPort_ioctl_handler_registerHandler)
                  70096e20    000001b8     libc.a : memory.c.obj (.text.aligned_alloc)
                  70096fd8    000001b8            : memory.c.obj (.text.free)
                  70097190    000001b6     enet-icssg.am64x.r5f.ti-arm-clang.debug.lib : icssg_stats.obj (.text.IcssgStats_ioctl_handler_registerHandler)
                  70097346    0000000a     --HOLE-- [fill = 0]
                  70097350    000001b6                                                 : icssg_tas.obj (.text.IcssgTas_ioctl_handler_registerHandler)
                  70097506    0000000a     --HOLE-- [fill = 0]
                  70097510    000001b6                                                 : icssg_timesync.obj (.text.IcssgTimeSync_ioctl_handler_registerHandler)
                  700976c6    0000000a     --HOLE-- [fill = 0]
                  700976d0    000001b6     freertos.am64x.r5f.ti-arm-clang.debug.lib : timers.obj (.text.prvProcessReceivedCommands)
                  70097886    0000000a     --HOLE-- [fill = 0]
                  70097890    000001b4     drivers.am64x.r5f.ti-arm-clang.debug.lib : soc.obj (.text.SOC_moduleSetClockFrequency)
                  70097a44    0000000c     --HOLE-- [fill = 0]
                  70097a50    000001ac     ti_enet_open_close.o (.text.EnetApp_driverOpen)
                  70097bfc    00000004     --HOLE-- [fill = 0]
                  70097c00    000001ac     enet-icssg.am64x.r5f.ti-arm-clang.debug.lib : enetphy.obj (.text.EnetPhy_open)
                  70097dac    00000004     --HOLE-- [fill = 0]
                  70097db0    000001ac     freertos.am64x.r5f.ti-arm-clang.debug.lib : TaskP_freertos.obj (.text.TaskP_construct)
                  70097f5c    00000004     --HOLE-- [fill = 0]
                  70097f60    000001aa     enet-icssg.am64x.r5f.ti-arm-clang.debug.lib : mdio_ioctl.obj (.text.Mdio_readRegC45)
                  7009810a    00000006     --HOLE-- [fill = 0]
                  70098110    000001a8                                                 : enet_appmemutils.obj (.text.EnetDma_checkPktState)
                  700982b8    00000008     --HOLE-- [fill = 0]
                  700982c0    000001a8                                                 : enet_apputils.obj (.text.EnetDma_checkPktState)
                  70098468    00000008     --HOLE-- [fill = 0]
                  70098470    000001a8                                                 : enet_udma_priv.obj (.text.EnetDma_checkPktState)
                  70098618    00000008     --HOLE-- [fill = 0]
                  70098620    000001a6     freertos.am64x.r5f.ti-arm-clang.debug.lib : tasks.obj (.text.xTaskIncrementTick)
                  700987c6    00000002     --HOLE-- [fill = 0]
                  700987c8    000001a4     libc.a : fputs.c.obj (.text.fputs)
                  7009896c    00000004     --HOLE-- [fill = 0]
                  70098970    000001a0     enet-icssg.am64x.r5f.ti-arm-clang.debug.lib : icssg.obj (.text.IcssgMacPort_ioctl_handler_ENET_MACPORT_IOCTL_SET_INGRESS_DSCP_PRI_MAP)
                  70098b10    0000019a                                                 : enet_udma.obj (.text.EnetUdma_open)
                  70098caa    00000006     --HOLE-- [fill = 0]
                  70098cb0    00000198                                                 : enet_udma.obj (.text.EnetUdma_checkRxFlowParams)
                  70098e48    00000008     --HOLE-- [fill = 0]
                  70098e50    00000198                                                 : enet_udma.obj (.text.EnetUdma_checkTxChParams)
                  70098fe8    00000008     --HOLE-- [fill = 0]
                  70098ff0    00000198     drivers.am64x.r5f.ti-arm-clang.debug.lib : sciclient_rm_irq.obj (.text.Sciclient_rmClearInterruptRoute)
                  70099188    00000008     --HOLE-- [fill = 0]
                  70099190    00000196                                              : udma_ch.obj (.text.Udma_chConfigTx)
                  70099326    0000000a     --HOLE-- [fill = 0]
                  70099330    00000194     enet-icssg.am64x.r5f.ti-arm-clang.debug.lib : enet_udma_priv.obj (.text.EnetUdma_ringDequeue)
                  700994c4    0000000c     --HOLE-- [fill = 0]
                  700994d0    00000190     drivers.am64x.r5f.ti-arm-clang.debug.lib : uart_v0.obj (.text.UART_close)
                  70099660    0000018e     freertos.am64x.r5f.ti-arm-clang.debug.lib : ClockP_freertos_r5.obj (.text.ClockP_init)
                  700997ee    00000002     --HOLE-- [fill = 0]
                  700997f0    0000018a     drivers.am64x.r5f.ti-arm-clang.debug.lib : sciclient_rm_irq.obj (.text.Sciclient_rmIrqDeleteRoute)
                  7009997a    00000006     --HOLE-- [fill = 0]
                  70099980    0000018a                                              : sciclient_rm_irq.obj (.text.Sciclient_rmProgramInterruptRoute)
                  70099b0a    00000006     --HOLE-- [fill = 0]
                  70099b10    00000188     ti_enet_open_close.o (.text.EnetAppUtils_openRxFlowForChIdx)
                  70099c98    00000008     --HOLE-- [fill = 0]
                  70099ca0    00000186     drivers.am64x.r5f.ti-arm-clang.debug.lib : sciclient_rm_irq.obj (.text.Sciclient_rmIrqProgramRoute)
                  70099e26    0000000a     --HOLE-- [fill = 0]
                  70099e30    00000184     board.am64x.r5f.ti-arm-clang.debug.lib : eeprom_at24c.obj (.text.EEPROM_AT24C_write)
                  70099fb4    0000000c     --HOLE-- [fill = 0]
                  70099fc0    00000184     freertos.am64x.r5f.ti-arm-clang.debug.lib : tasks.obj (.text.vTaskSwitchContext)
                  7009a144    0000000c     --HOLE-- [fill = 0]
                  7009a150    00000182     enet_layer2_icssg.o (.text.EnetMp_enableDscpPriority)
                  7009a2d2    0000000e     --HOLE-- [fill = 0]
                  7009a2e0    00000182     enet-icssg.am64x.r5f.ti-arm-clang.debug.lib : enet_udma_priv.obj (.text.EnetUdma_ringEnqueue)
                  7009a462    0000000e     --HOLE-- [fill = 0]
                  7009a470    00000182     drivers.am64x.r5f.ti-arm-clang.debug.lib : udma_ch.obj (.text.Udma_chEnableLocal)
                  7009a5f2    0000000e     --HOLE-- [fill = 0]
                  7009a600    00000182     freertos.am64x.r5f.ti-arm-clang.debug.lib : queue.obj (.text.xQueueGenericSendFromISR)
                  7009a782    00000002     --HOLE-- [fill = 0]
                  7009a784    00000180     libsysbm.a : memcpy32.S.obj (.text:memcpy)
                  7009a904    0000000c     --HOLE-- [fill = 0]
                  7009a910    0000017c     enet-icssg.am64x.r5f.ti-arm-clang.debug.lib : enet_apputils_k3.obj (.text.EnetAppUtils_enableClocks)
                  7009aa8c    00000004     --HOLE-- [fill = 0]
                  7009aa90    0000017c                                                 : enet_rm.obj (.text.EnetRm_initRxObj)
                  7009ac0c    00000004     --HOLE-- [fill = 0]
                  7009ac10    0000017c                                                 : enet_udma_priv.obj (.text.EnetUdma_initRxFreeDescQ)
                  7009ad8c    00000004     --HOLE-- [fill = 0]
                  7009ad90    00000178     enet_layer2_icssg.o (.text.EnetMp_togglePromisc)
                  7009af08    00000008     --HOLE-- [fill = 0]
                  7009af10    00000178     freertos.am64x.r5f.ti-arm-clang.debug.lib : tasks.obj (.text.xTaskResumeAll)
                  7009b088    00000008     --HOLE-- [fill = 0]
                  7009b090    00000176     enet-icssg.am64x.r5f.ti-arm-clang.debug.lib : dp83867.obj (.text.Dp83867_config)
                  7009b206    0000000a     --HOLE-- [fill = 0]
                  7009b210    00000174                                                 : enet_rm.obj (.text.EnetRm_initTxObj)
                  7009b384    0000000c     --HOLE-- [fill = 0]
                  7009b390    0000016c     drivers.am64x.r5f.ti-arm-clang.debug.lib : csl_bcdma.obj (.text.CSL_bcdmaChanOpTeardownChan)
                  7009b4fc    00000004     --HOLE-- [fill = 0]
                  7009b500    0000016c     enet-icssg.am64x.r5f.ti-arm-clang.debug.lib : icssg_utils.obj (.text.IcssgUtils_downloadFirmware)
                  7009b66c    00000004     --HOLE-- [fill = 0]
                  7009b670    0000016a     drivers.am64x.r5f.ti-arm-clang.debug.lib : uart_v0.obj (.text.UART_configInstance)
                  7009b7da    00000006     --HOLE-- [fill = 0]
                  7009b7e0    00000168                                              : csl_bcdma.obj (.text.CSL_bcdmaChanOp)
                  7009b948    00000008     --HOLE-- [fill = 0]
                  7009b950    00000168                                              : udma_ch.obj (.text.Udma_chOpen)
                  7009bab8    00000008     --HOLE-- [fill = 0]
                  7009bac0    00000164     enet-icssg.am64x.r5f.ti-arm-clang.debug.lib : enet_udma.obj (.text.EnetDma_retrieveRxPktQ)
                  7009bc24    0000000c     --HOLE-- [fill = 0]
                  7009bc30    00000164                                                 : enet_udma.obj (.text.EnetDma_retrieveTxPktQ)
                  7009bd94    0000000c     --HOLE-- [fill = 0]
                  7009bda0    00000164                                                 : enet_phymdio_dflt.obj (.text.EnetPhyMdioDflt_writeC45)
                  7009bf04    0000000c     --HOLE-- [fill = 0]
                  7009bf10    00000164                                                 : enet_rm.obj (.text.EnetRm_open)
                  7009c074    0000000c     --HOLE-- [fill = 0]
                  7009c080    00000162     enet_layer2_icssg.o (.text.EnetMp_resetStats)
                  7009c1e2    0000000e     --HOLE-- [fill = 0]
                  7009c1f0    00000162     enet-icssg.am64x.r5f.ti-arm-clang.debug.lib : icssg.obj (.text.Icssg_ioctl_handler_ENET_PER_IOCTL_ATTACH_CORE)
                  7009c352    0000000e     --HOLE-- [fill = 0]
                  7009c360    00000160                                                 : enet_rm.obj (.text.EnetRm_initMacObj)
                  7009c4c0    00000160     drivers.am64x.r5f.ti-arm-clang.debug.lib : i2c_v0.obj (.text.I2C_ctrlInit)
                  7009c620    0000015e     enet-icssg.am64x.r5f.ti-arm-clang.debug.lib : enet_phymdio_dflt.obj (.text.EnetPhyMdioDflt_readC45)
                  7009c77e    00000002     --HOLE-- [fill = 0]
                  7009c780    0000015e                                                 : icssg.obj (.text.Icssg_openEnetPhy)
                  7009c8de    00000002     --HOLE-- [fill = 0]
                  7009c8e0    0000015a     drivers.am64x.r5f.ti-arm-clang.debug.lib : udma_rm.obj (.text.Udma_rmAllocMappedRxCh)
                  7009ca3a    00000006     --HOLE-- [fill = 0]
                  7009ca40    0000015a                                              : udma_rm.obj (.text.Udma_rmAllocMappedTxCh)
                  7009cb9a    00000006     --HOLE-- [fill = 0]
                  7009cba0    00000158                                              : csl_bcdma.obj (.text.CSL_bcdmaChanOpGetChanStats)
                  7009ccf8    00000008     --HOLE-- [fill = 0]
                  7009cd00    00000158     board.am64x.r5f.ti-arm-clang.debug.lib : eeprom_at24c.obj (.text.EEPROM_AT24C_read)
                  7009ce58    00000008     --HOLE-- [fill = 0]
                  7009ce60    00000158     enet-icssg.am64x.r5f.ti-arm-clang.debug.lib : icssg.obj (.text.Icssg_internalIoctlHandler_registerHandler)
                  7009cfb8    00000008     --HOLE-- [fill = 0]
                  7009cfc0    00000158     freertos.am64x.r5f.ti-arm-clang.debug.lib : queue.obj (.text.xQueueGiveFromISR)
                  7009d118    00000008     --HOLE-- [fill = 0]
                  7009d120    00000154     enet-icssg.am64x.r5f.ti-arm-clang.debug.lib : enet_phymdio_dflt.obj (.text.EnetPhyMdioDflt_writeC22)
                  7009d274    0000000c     --HOLE-- [fill = 0]
                  7009d280    00000154                                                 : enet_udma_priv.obj (.text.EnetUdma_registerEvent)
                  7009d3d4    0000000c     --HOLE-- [fill = 0]
                  7009d3e0    00000150     drivers.am64x.r5f.ti-arm-clang.debug.lib : csl_lcdma_ringacc.obj (.text.CSL_lcdma_ringaccDequeue)
                  7009d530    00000150     enet-icssg.am64x.r5f.ti-arm-clang.debug.lib : enet_rm.obj (.text.EnetRm_delCoreAttached)
                  7009d680    00000150     drivers.am64x.r5f.ti-arm-clang.debug.lib : uart_v0.obj (.text.UART_procLineStatusErr)
                  7009d7d0    0000014c     enet-icssg.am64x.r5f.ti-arm-clang.debug.lib : enet_phymdio_dflt.obj (.text.EnetPhyMdioDflt_readC22)
                  7009d91c    00000004     --HOLE-- [fill = 0]
                  7009d920    0000014c     freertos.am64x.r5f.ti-arm-clang.debug.lib : tasks.obj (.text.vTaskPriorityDisinheritAfterTimeout)
                  7009da6c    00000004     --HOLE-- [fill = 0]
                  7009da70    0000014a                                               : tasks.obj (.text.prvInitialiseNewTask)
                  7009dbba    00000006     --HOLE-- [fill = 0]
                  7009dbc0    0000014a                                               : queue.obj (.text.xQueueGenericCreateStatic)
                  7009dd0a    00000006     --HOLE-- [fill = 0]
                  7009dd10    00000148     ti_enet_open_close.o (.text.EnetApp_closeRxDma)
                  7009de58    00000008     --HOLE-- [fill = 0]
                  7009de60    00000148     enet-icssg.am64x.r5f.ti-arm-clang.debug.lib : icssg.obj (.text.Icssg_registerMdioLinkIntr)
                  7009dfa8    00000008     --HOLE-- [fill = 0]
                  7009dfb0    00000146                                                 : mdio.obj (.text.Mdio_ioctl)
                  7009e0f6    0000000a     --HOLE-- [fill = 0]
                  7009e100    00000146     drivers.am64x.r5f.ti-arm-clang.debug.lib : udma_ch.obj (.text.Udma_chAssignRegOverlay)
                  7009e246    00000002     --HOLE-- [fill = 0]
                  7009e248    00000144     libc.a : setvbuf.c.obj (.text.setvbuf)
                  7009e38c    00000004     --HOLE-- [fill = 0]
                  7009e390    00000142     enet-icssg.am64x.r5f.ti-arm-clang.debug.lib : icssg_utils.obj (.text.IcssgUtils_configFilter3)
                  7009e4d2    0000000e     --HOLE-- [fill = 0]
                  7009e4e0    00000142                                                 : icssg_utils.obj (.text.IcssgUtils_disablePruss)
                  7009e622    0000000e     --HOLE-- [fill = 0]
                  7009e630    00000142                                                 : icssg_utils.obj (.text.IcssgUtils_enablePruss)
                  7009e772    0000000e     --HOLE-- [fill = 0]
                  7009e780    00000142                                                 : icssg.obj (.text.Icssg_pollTxTs)
                  7009e8c2    0000000e     --HOLE-- [fill = 0]
                  7009e8d0    00000142     drivers.am64x.r5f.ti-arm-clang.debug.lib : sciclient.obj (.text.Sciclient_sendMessage)
                  7009ea12    0000000e     --HOLE-- [fill = 0]
                  7009ea20    00000140                                              : sciclient_rm_irq.obj (.text.Sciclient_rmIaValidateMapping)
                  7009eb60    00000140                                              : udma_rm.obj (.text.Udma_rmAllocMappedRing)
                  7009eca0    00000140     libc.a : s_scalbn.c.obj (.text.scalbn)
                  7009ede0    0000013e     ti_enet_open_close.o (.text.EnetAppUtils_closeRxFlowForChIdx)
                  7009ef1e    00000002     --HOLE-- [fill = 0]
                  7009ef20    0000013a     enet-icssg.am64x.r5f.ti-arm-clang.debug.lib : enet.obj (.text.Enet_ioctl)
                  7009f05a    00000006     --HOLE-- [fill = 0]
                  7009f060    0000013a                                                 : icssg_timesync.obj (.text.IcssgTimeSync_open)
                  7009f19a    00000006     --HOLE-- [fill = 0]
                  7009f1a0    00000138                                                 : enet_osal_dflt.obj (.text.EnetOsalDflt_registerIntr)
                  7009f2d8    00000008     --HOLE-- [fill = 0]
                  7009f2e0    00000138     freertos.am64x.r5f.ti-arm-clang.debug.lib : printf.obj (.text._ntoa_long_long)
                  7009f418    00000008     --HOLE-- [fill = 0]
                  7009f420    00000136     enet-icssg.am64x.r5f.ti-arm-clang.debug.lib : enet_apputils_k3.obj (.text.EnetAppUtils_disableClocks)
                  7009f556    0000000a     --HOLE-- [fill = 0]
                  7009f560    00000136                                                 : enet_phymdio_dflt.obj (.text.EnetPhyMdioDflt_isAlive)
                  7009f696    0000000a     --HOLE-- [fill = 0]
                  7009f6a0    00000136                                                 : enet_phymdio_dflt.obj (.text.EnetPhyMdioDflt_isLinked)
                  7009f7d6    0000000a     --HOLE-- [fill = 0]
                  7009f7e0    00000136     drivers.am64x.r5f.ti-arm-clang.debug.lib : sciclient_rm_irq.obj (.text.Sciclient_rmIrqVintDelete)
                  7009f916    0000000a     --HOLE-- [fill = 0]
                  7009f920    00000134     freertos.am64x.r5f.ti-arm-clang.debug.lib : queue.obj (.text.xQueueReceiveFromISR)
                  7009fa54    0000000c     --HOLE-- [fill = 0]
                  7009fa60    00000132     enet-icssg.am64x.r5f.ti-arm-clang.debug.lib : enet_appmemutils.obj (.text.EnetMem_getPktInfoEntry)
                  7009fb92    0000000e     --HOLE-- [fill = 0]
                  7009fba0    00000130                                                 : enet.obj (.text.EnetMod_open)
                  7009fcd0    00000130                                                 : enet.obj (.text.EnetPer_open)
                  7009fe00    00000130     drivers.am64x.r5f.ti-arm-clang.debug.lib : i2c_v0.obj (.text.I2C_recoverBus)
                  7009ff30    00000130                                              : sciclient.obj (.text.Sciclient_recvMessage)
                  700a0060    0000012e                                              : udma_rm.obj (.text.Udma_rmAllocIrIntr)
                  700a018e    00000002     --HOLE-- [fill = 0]
                  700a0190    0000012c     enet-icssg.am64x.r5f.ti-arm-clang.debug.lib : icssg_utils.obj (.text.IcssgUtils_getSliceNum)
                  700a02bc    00000004     --HOLE-- [fill = 0]
                  700a02c0    0000012a                                                 : enet_utils.obj (.text.EnetUtils_macToPhyMii)
                  700a03ea    00000006     --HOLE-- [fill = 0]
                  700a03f0    0000012a     drivers.am64x.r5f.ti-arm-clang.debug.lib : sciclient_pm.obj (.text.Sciclient_pmQueryModuleClkFreq)
                  700a051a    00000006     --HOLE-- [fill = 0]
                  700a0520    00000128     freertos.am64x.r5f.ti-arm-clang.debug.lib : port.obj (.text.pxPortInitialiseStack)
                  700a0648    00000008     --HOLE-- [fill = 0]
                  700a0650    00000126     enet-icssg.am64x.r5f.ti-arm-clang.debug.lib : icssg.obj (.text.Icssg_ioctl_handler_ENET_PER_IOCTL_DETACH_CORE)
                  700a0776    0000000a     --HOLE-- [fill = 0]
                  700a0780    00000124                                                 : enet_phymdio_dflt.obj (.text.EnetPhyMdioDflt_setIoctlHandlerFxn)
                  700a08a4    0000000c     --HOLE-- [fill = 0]
                  700a08b0    00000124                                                 : enet_rm.obj (.text.EnetRm_setIoctlHandlerFxn)
                  700a09d4    0000000c     --HOLE-- [fill = 0]
                  700a09e0    00000124                                                 : mdio.obj (.text.Mdio_setIoctlHandlerFxn)
                  700a0b04    0000000c     --HOLE-- [fill = 0]
                  700a0b10    00000122                                                 : mdio_manual_ioctl.obj (.text.Mdio_manualModePhyRegValReadC45)
                  700a0c32    0000000e     --HOLE-- [fill = 0]
                  700a0c40    00000122     drivers.am64x.r5f.ti-arm-clang.debug.lib : udma_rm.obj (.text.Udma_rmAllocBlkCopyCh)
                  700a0d62    0000000e     --HOLE-- [fill = 0]
                  700a0d70    00000122                                              : udma_rm.obj (.text.Udma_rmAllocBlkCopyHcCh)
                  700a0e92    0000000e     --HOLE-- [fill = 0]
                  700a0ea0    00000122                                              : udma_rm.obj (.text.Udma_rmAllocBlkCopyUhcCh)
                  700a0fc2    0000000e     --HOLE-- [fill = 0]
                  700a0fd0    00000122                                              : udma_rm.obj (.text.Udma_rmAllocRxCh)
                  700a10f2    0000000e     --HOLE-- [fill = 0]
                  700a1100    00000122                                              : udma_rm.obj (.text.Udma_rmAllocRxHcCh)
                  700a1222    0000000e     --HOLE-- [fill = 0]
                  700a1230    00000122                                              : udma_rm.obj (.text.Udma_rmAllocRxUhcCh)
                  700a1352    0000000e     --HOLE-- [fill = 0]
                  700a1360    00000122                                              : udma_rm.obj (.text.Udma_rmAllocTxCh)
                  700a1482    0000000e     --HOLE-- [fill = 0]
                  700a1490    00000122                                              : udma_rm.obj (.text.Udma_rmAllocTxHcCh)
                  700a15b2    0000000e     --HOLE-- [fill = 0]
                  700a15c0    00000122                                              : udma_rm.obj (.text.Udma_rmAllocTxUhcCh)
                  700a16e2    0000000e     --HOLE-- [fill = 0]
                  700a16f0    00000120     enet-icssg.am64x.r5f.ti-arm-clang.debug.lib : enet_rm_ioctl.obj (.text.EnetRm_allocInternalRxFlowIdx)
                  700a1810    0000011e     drivers.am64x.r5f.ti-arm-clang.debug.lib : sciclient_rm_irq.obj (.text.Sciclient_rmIaValidateEvt)
                  700a192e    00000002     --HOLE-- [fill = 0]
                  700a1930    0000011e                                              : sciclient_rm_irq.obj (.text.Sciclient_rmIrqVintAdd)
                  700a1a4e    00000002     --HOLE-- [fill = 0]
                  700a1a50    0000011c     freertos.am64x.r5f.ti-arm-clang.debug.lib : DebugP_uartScanf.obj (.text.DebugP_readLine)
                  700a1b6c    00000004     --HOLE-- [fill = 0]
                  700a1b70    0000011c     enet-icssg.am64x.r5f.ti-arm-clang.debug.lib : enet_queue.obj (.text.EnetQueue_append)
                  700a1c8c    00000004     --HOLE-- [fill = 0]
                  700a1c90    0000011c                                                 : enet_utils.obj (.text.EnetUtils_delayNs)
                  700a1dac    00000004     --HOLE-- [fill = 0]
                  700a1db0    0000011c                                                 : mdio_ioctl.obj (.text.Mdio_writeRegC45)
                  700a1ecc    00000004     --HOLE-- [fill = 0]
                  700a1ed0    0000011a                                                 : enetphy.obj (.text.EnetPhy_resetWaitState)
                  700a1fea    00000006     --HOLE-- [fill = 0]
                  700a1ff0    0000011a                                                 : enetphy.obj (.text.EnetPhy_setupManual)
                  700a210a    00000006     --HOLE-- [fill = 0]
                  700a2110    0000011a     freertos.am64x.r5f.ti-arm-clang.debug.lib : tasks.obj (.text.eTaskGetState)
                  700a222a    00000006     --HOLE-- [fill = 0]
                  700a2230    00000118     enet-icssg.am64x.r5f.ti-arm-clang.debug.lib : enetphy.obj (.text.EnetPhy_setupNway)
                  700a2348    00000008     --HOLE-- [fill = 0]
                  700a2350    00000118     drivers.am64x.r5f.ti-arm-clang.debug.lib : pruicss_g_v0.obj (.text.PRUICSS_getMemInfo)
                  700a2468    00000008     --HOLE-- [fill = 0]
                  700a2470    00000118     freertos.am64x.r5f.ti-arm-clang.debug.lib : TaskP_freertos.obj (.text.TaskP_loadUpdateAll)
                  700a2588    00000008     --HOLE-- [fill = 0]
                  700a2590    00000118     drivers.am64x.r5f.ti-arm-clang.debug.lib : udma_ring_lcdma.obj (.text.Udma_ringSetCfgLcdma)
                  700a26a8    00000118     libclang_rt.builtins.a : udivmoddi4.S.obj (.text)
                  700a27c0    00000116     drivers.am64x.r5f.ti-arm-clang.debug.lib : csl_bcdma.obj (.text.CSL_bcdmaChanOpDecChanStats)
                  700a28d6    0000000a     --HOLE-- [fill = 0]
                  700a28e0    00000116     enet-icssg.am64x.r5f.ti-arm-clang.debug.lib : mdio_ioctl.obj (.text.Mdio_handleIntr)
                  700a29f6    0000000a     --HOLE-- [fill = 0]
                  700a2a00    00000116                                                 : mdio_manual_ioctl.obj (.text.Mdio_manualModePhyRegRead22)
                  700a2b16    0000000a     --HOLE-- [fill = 0]
                  700a2b20    00000116     drivers.am64x.r5f.ti-arm-clang.debug.lib : uart_v0.obj (.text.UART_divisorLatchWrite)
                  700a2c36    0000000a     --HOLE-- [fill = 0]
                  700a2c40    00000114     enet-icssg.am64x.r5f.ti-arm-clang.debug.lib : enet_apputils_k3.obj (.text.EnetAppUtils_setDeviceState)
                  700a2d54    0000000c     --HOLE-- [fill = 0]
                  700a2d60    00000114                                                 : icssg_utils.obj (.text.IcssgUtils_classiDisable)
                  700a2e74    0000000c     --HOLE-- [fill = 0]
                  700a2e80    00000114     freertos.am64x.r5f.ti-arm-clang.debug.lib : printf.obj (.text._ntoa_long)
                  700a2f94    0000000c     --HOLE-- [fill = 0]
                  700a2fa0    00000110     enet-icssg.am64x.r5f.ti-arm-clang.debug.lib : enet_rm.obj (.text.EnetRm_validateResPartInfo)
                  700a30b0    00000110     drivers.am64x.r5f.ti-arm-clang.debug.lib : sciclient_pm.obj (.text.Sciclient_pmSetModuleClkFreq)
                  700a31c0    0000010e     enet-icssg.am64x.r5f.ti-arm-clang.debug.lib : enet_hostport.obj (.text.EnetHostPortDma_open)
                  700a32ce    00000002     --HOLE-- [fill = 0]
                  700a32d0    0000010e     freertos.am64x.r5f.ti-arm-clang.debug.lib : tasks.obj (.text.prvAddNewTaskToReadyList)
                  700a33de    00000002     --HOLE-- [fill = 0]
                  700a33e0    0000010e                                               : tasks.obj (.text.xTaskPriorityInherit)
                  700a34ee    00000002     --HOLE-- [fill = 0]
                  700a34f0    0000010c     enet-icssg.am64x.r5f.ti-arm-clang.debug.lib : enet_hostport.obj (.text.EnetHostPortDma_close)
                  700a35fc    00000004     --HOLE-- [fill = 0]
                  700a3600    0000010c                                                 : enetphy.obj (.text.EnetPhy_rmwReg)
                  700a370c    00000004     --HOLE-- [fill = 0]
                  700a3710    0000010c                                                 : enet_udma_priv.obj (.text.EnetUdma_flushRxFlowRing)
                  700a381c    00000004     --HOLE-- [fill = 0]
                  700a3820    0000010c                                                 : enet_udma_priv.obj (.text.EnetUdma_flushTxChRing)
                  700a392c    00000004     --HOLE-- [fill = 0]
                  700a3930    0000010a                                                 : icssg.obj (.text.Icssg_configMacPortDfltVlanId)
                  700a3a3a    00000006     --HOLE-- [fill = 0]
                  700a3a40    0000010a     freertos.am64x.r5f.ti-arm-clang.debug.lib : tasks.obj (.text.vTaskDelete)
                  700a3b4a    00000006     --HOLE-- [fill = 0]
                  700a3b50    00000108     ti_enet_open_close.o (.text.EnetApp_driverClose)
                  700a3c58    00000008     --HOLE-- [fill = 0]
                  700a3c60    00000106     enet-icssg.am64x.r5f.ti-arm-clang.debug.lib : enet_appmemutils.obj (.text.EnetMem_getDescMemEntry)
                  700a3d66    0000000a     --HOLE-- [fill = 0]
                  700a3d70    00000106                                                 : icssg.obj (.text.Icssg_ioctl_handler_ENET_PER_IOCTL_IS_PORT_LINK_UP)
                  700a3e76    0000000a     --HOLE-- [fill = 0]
                  700a3e80    00000106     drivers.am64x.r5f.ti-arm-clang.debug.lib : udma_event.obj (.text.Udma_eventCheckParams)
                  700a3f86    0000000a     --HOLE-- [fill = 0]
                  700a3f90    00000104                                              : csl_pktdma.obj (.text.CSL_pktdmaTeardownChan)
                  700a4094    0000000c     --HOLE-- [fill = 0]
                  700a40a0    00000104     enet_layer2_icssg.o (.text.EnetMp_closeDma)
                  700a41a4    0000000c     --HOLE-- [fill = 0]
                  700a41b0    00000104     enet_layer2_icssg.o (.text.EnetMp_initRxReadyPktQ)
                  700a42b4    0000000c     --HOLE-- [fill = 0]
                  700a42c0    00000102     enet-icssg.am64x.r5f.ti-arm-clang.debug.lib : enet_udma.obj (.text.EnetUdma_closeRxCh)
                  700a43c2    0000000e     --HOLE-- [fill = 0]
                  700a43d0    00000102                                                 : enet_utils.obj (.text.EnetUtils_delayTicks)
                  700a44d2    0000000e     --HOLE-- [fill = 0]
                  700a44e0    00000102                                                 : icssg.obj (.text.Icssg_initCfg)
                  700a45e2    0000000e     --HOLE-- [fill = 0]
                  700a45f0    00000100     drivers.am64x.r5f.ti-arm-clang.debug.lib : csl_lcdma_ringacc.obj (.text.CSL_lcdma_ringaccPop64MultiAccess)
                  700a46f0    00000100     enet-icssg.am64x.r5f.ti-arm-clang.debug.lib : enetphy.obj (.text.EnetPhy_getId)
                  700a47f0    00000100                                                 : enet_rm.obj (.text.EnetRm_ioctl)
                  700a48f0    00000100     freertos.am64x.r5f.ti-arm-clang.debug.lib : tasks.obj (.text.xTaskPriorityDisinherit)
                  700a49f0    000000fe     drivers.am64x.r5f.ti-arm-clang.debug.lib : sciclient_rm_irq.obj (.text.Sciclient_rmIrGetOutp)
                  700a4aee    00000002     --HOLE-- [fill = 0]
                  700a4af0    000000fe                                              : udma.obj (.text.Udma_init)
                  700a4bee    00000002     --HOLE-- [fill = 0]
                  700a4bf0    000000fc     ti_enet_open_close.o (.text.EnetApp_createPhyStateHandlerTask)
                  700a4cec    00000004     --HOLE-- [fill = 0]
                  700a4cf0    000000fc     enet-icssg.am64x.r5f.ti-arm-clang.debug.lib : enet_osal_dflt.obj (.text.EnetOsalDflt_createMutex)
                  700a4dec    00000004     --HOLE-- [fill = 0]
                  700a4df0    000000fc                                                 : icssg.obj (.text.Icssg_registerEventCb)
                  700a4eec    00000004     --HOLE-- [fill = 0]
                  700a4ef0    000000fa     drivers.am64x.r5f.ti-arm-clang.debug.lib : csl_lcdma_ringacc.obj (.text.CSL_lcdma_ringaccPush64MultiAccess)
                  700a4fea    00000006     --HOLE-- [fill = 0]
                  700a4ff0    000000fa     enet-icssg.am64x.r5f.ti-arm-clang.debug.lib : enet_udma_priv.obj (.text.EnetUdmaStats_updateNotifyStats)
                  700a50ea    00000006     --HOLE-- [fill = 0]
                  700a50f0    000000fa                                                 : icssg_tas.obj (.text.IcssgTas_ioctl)
                  700a51ea    00000006     --HOLE-- [fill = 0]
                  700a51f0    000000f8     ti_enet_open_close.o (.text.EnetApp_getTxDmaHandle)
                  700a52e8    00000008     --HOLE-- [fill = 0]
                  700a52f0    000000f8     enet-icssg.am64x.r5f.ti-arm-clang.debug.lib : enetphy.obj (.text.EnetPhy_tick)
                  700a53e8    00000008     --HOLE-- [fill = 0]
                  700a53f0    000000f6                                                 : enet_queue.obj (.text.EnetQueue_enq)
                  700a54e6    0000000a     --HOLE-- [fill = 0]
                  700a54f0    000000f6     drivers.am64x.r5f.ti-arm-clang.debug.lib : i2c_v0.obj (.text.I2CControllerInitExpClk)
                  700a55e6    0000000a     --HOLE-- [fill = 0]
                  700a55f0    000000f4     enet-icssg.am64x.r5f.ti-arm-clang.debug.lib : enet_apputils.obj (.text.EnetAppUtils_reduceCoreMacAllocation)
                  700a56e4    0000000c     --HOLE-- [fill = 0]
                  700a56f0    000000f4                                                 : enet_appmemutils.obj (.text.EnetMem_getRingMemEntry)
                  700a57e4    0000000c     --HOLE-- [fill = 0]
                  700a57f0    000000f4                                                 : enet.obj (.text.EnetPer_ioctl)
                  700a58e4    0000000c     --HOLE-- [fill = 0]
                  700a58f0    000000f4                                                 : enet.obj (.text.Enet_open)
                  700a59e4    0000000c     --HOLE-- [fill = 0]
                  700a59f0    000000f4     drivers.am64x.r5f.ti-arm-clang.debug.lib : sciclient_rm_irq.obj (.text.Sciclient_rmTranslateIntOutput)
                  700a5ae4    0000000c     --HOLE-- [fill = 0]
                  700a5af0    000000f2     enet-icssg.am64x.r5f.ti-arm-clang.debug.lib : enetphy.obj (.text.EnetPhy_isPhyLinked)
                  700a5be2    0000000e     --HOLE-- [fill = 0]
                  700a5bf0    000000f0     freertos.am64x.r5f.ti-arm-clang.debug.lib : ClockP_freertos.obj (.text.ClockP_construct)
                  700a5ce0    000000f0     enet-icssg.am64x.r5f.ti-arm-clang.debug.lib : enet.obj (.text.EnetMod_ioctl)
                  700a5dd0    000000f0                                                 : icssg.obj (.text.Icssg_ioctl_handler_ENET_IOCTL_REGISTER_RX_DEFAULT_FLOW)
                  700a5ec0    000000ee                                                 : dp83867.obj (.text.Dp83867_setClkDelay)
                  700a5fae    00000002     --HOLE-- [fill = 0]
                  700a5fb0    000000ee                                                 : enet_appmemutils.obj (.text.EnetMem_freeEthPkt)
                  700a609e    00000002     --HOLE-- [fill = 0]
                  700a60a0    000000ee                                                 : icssg.obj (.text.Icssg_ioctl_handler_ENET_IOCTL_UNREGISTER_RX_DEFAULT_FLOW)
                  700a618e    00000002     --HOLE-- [fill = 0]
                  700a6190    000000ee     freertos.am64x.r5f.ti-arm-clang.debug.lib : tasks.obj (.text.vTaskStartScheduler)
                  700a627e    00000002     --HOLE-- [fill = 0]
                  700a6280    000000ee                                               : tasks.obj (.text.xTaskCreateStatic)
                  700a636e    00000002     --HOLE-- [fill = 0]
                  700a6370    000000ec     enet-icssg.am64x.r5f.ti-arm-clang.debug.lib : enet_rm_ioctl.obj (.text.EnetRm_addCoreAttached)
                  700a645c    00000004     --HOLE-- [fill = 0]
                  700a6460    000000ec                                                 : icssg_utils.obj (.text.IcssgUtils_checkPortMode)
                  700a654c    00000004     --HOLE-- [fill = 0]
                  700a6550    000000ec     drivers.am64x.r5f.ti-arm-clang.debug.lib : udma_event.obj (.text.Udma_eventIsrFxn)
                  700a663c    00000004     --HOLE-- [fill = 0]
                  700a6640    000000ea     freertos.am64x.r5f.ti-arm-clang.debug.lib : AddrTranslateP.obj (.text.AddrTranslateP_getLocalAddr)
                  700a672a    00000006     --HOLE-- [fill = 0]
                  700a6730    000000ea     ti_enet_open_close.o (.text.EnetApp_openRxDma)
                  700a681a    00000006     --HOLE-- [fill = 0]
                  700a6820    000000ea     enet-icssg.am64x.r5f.ti-arm-clang.debug.lib : enetphy.obj (.text.EnetPhy_getManualCaps)
                  700a690a    00000006     --HOLE-- [fill = 0]
                  700a6910    000000ea                                                 : icssg.obj (.text.Icssg_pollHwQAsyncResp)
                  700a69fa    00000006     --HOLE-- [fill = 0]
                  700a6a00    000000e8                                                 : enet_apputils.obj (.text.EnetAppUtils_initResourceConfig)
                  700a6ae8    00000008     --HOLE-- [fill = 0]
                  700a6af0    000000e8     ti_enet_open_close.o (.text.EnetApp_ConfigureDscpMapping)
                  700a6bd8    00000008     --HOLE-- [fill = 0]
                  700a6be0    000000e8     enet-icssg.am64x.r5f.ti-arm-clang.debug.lib : enet_udma.obj (.text.EnetDma_initRxChParams)
                  700a6cc8    00000008     --HOLE-- [fill = 0]
                  700a6cd0    000000e8                                                 : enetphy.obj (.text.EnetPhy_findCommonCaps)
                  700a6db8    00000008     --HOLE-- [fill = 0]
                  700a6dc0    000000e8     drivers.am64x.r5f.ti-arm-clang.debug.lib : udma_event.obj (.text.Udma_eventFreeResource)
                  700a6ea8    00000008     --HOLE-- [fill = 0]
                  700a6eb0    000000e6     enet-icssg.am64x.r5f.ti-arm-clang.debug.lib : enetphy.obj (.text.EnetPhy_isAlive)
                  700a6f96    0000000a     --HOLE-- [fill = 0]
                  700a6fa0    000000e6                                                 : enet_rm_ioctl.obj (.text.EnetRm_allocRxFlowIdx)
                  700a7086    0000000a     --HOLE-- [fill = 0]
                  700a7090    000000e6                                                 : icssg.obj (.text.Icssg_periodicTick)
                  700a7176    0000000a     --HOLE-- [fill = 0]
                  700a7180    000000e4                                                 : enet_rm.obj (.text.EnetRm_getFreeQ)
                  700a7264    0000000c     --HOLE-- [fill = 0]
                  700a7270    000000e2     enet_custom_board_config.o (.text.EnetBoard_getMacAddrList)
                  700a7352    0000000e     --HOLE-- [fill = 0]
                  700a7360    000000e2     enet-icssg.am64x.r5f.ti-arm-clang.debug.lib : enet_rm_ioctl.obj (.text.EnetRm_freeMacAddr)
                  700a7442    0000000e     --HOLE-- [fill = 0]
                  700a7450    000000e2                                                 : icssg.obj (.text.Icssg_getInternalIoctlHandler)
                  700a7532    0000000e     --HOLE-- [fill = 0]
                  700a7540    000000e2                                                 : icssg.obj (.text.Icssg_getMacPortIoctlHandler)
                  700a7622    0000000e     --HOLE-- [fill = 0]
                  700a7630    000000e2     drivers.am64x.r5f.ti-arm-clang.debug.lib : sciclient_rm_irq.obj (.text.Sciclient_rmIrqGetNode)
                  700a7712    0000000e     --HOLE-- [fill = 0]
                  700a7720    000000e2     freertos.am64x.r5f.ti-arm-clang.debug.lib : tasks.obj (.text.vTaskGetInfo)
                  700a7802    0000000e     --HOLE-- [fill = 0]
                  700a7810    000000e0     enet-icssg.am64x.r5f.ti-arm-clang.debug.lib : enet_udma_priv.obj (.text.EnetUdma_memMgrInit)
                  700a78f0    000000e0                                                 : icssg.obj (.text.IcssgMacPort_ioctl_handler_ENET_MACPORT_IOCTL_SET_EGRESS_QOS_PRI_MAP)
                  700a79d0    000000e0                                                 : mdio_ioctl.obj (.text.Mdio_normal_ioctl_handler_ENET_MDIO_IOCTL_C22_READ)
                  700a7ab0    000000e0     freertos.am64x.r5f.ti-arm-clang.debug.lib : tasks.obj (.text.xTaskCheckForTimeOut)
                  700a7b90    000000de     drivers.am64x.r5f.ti-arm-clang.debug.lib : sciclient.obj (.text.Sciclient_waitForMessage)
                  700a7c6e    00000002     --HOLE-- [fill = 0]
                  700a7c70    000000de                                              : uart_v0.obj (.text.UART_intrEnable)
                  700a7d4e    00000002     --HOLE-- [fill = 0]
                  700a7d50    000000de     freertos.am64x.r5f.ti-arm-clang.debug.lib : timers.obj (.text.prvSwitchTimerLists)
                  700a7e2e    00000002     --HOLE-- [fill = 0]
                  700a7e30    000000dc     drivers.am64x.r5f.ti-arm-clang.debug.lib : csl_intaggr.obj (.text.CSL_intaggrSetIntrEnable)
                  700a7f0c    00000004     --HOLE-- [fill = 0]
                  700a7f10    000000dc     enet-icssg.am64x.r5f.ti-arm-clang.debug.lib : enet_rm_ioctl.obj (.text.EnetRm_freeTxChNum)
                  700a7fec    00000004     --HOLE-- [fill = 0]
                  700a7ff0    000000dc                                                 : icssg.obj (.text.Icssg_ioctl_handler_ICSSG_PER_IOCTL_SET_PORT_STATE)
                  700a80cc    00000004     --HOLE-- [fill = 0]
                  700a80d0    000000da     ti_enet_soc.o (.text.EnetSoc_getEnetHandle)
                  700a81aa    00000006     --HOLE-- [fill = 0]
                  700a81b0    000000da     enet-icssg.am64x.r5f.ti-arm-clang.debug.lib : icssg.obj (.text.Icssg_ioctl_handler_ENET_PER_IOCTL_OPEN_PORT_LINK)
                  700a828a    00000006     --HOLE-- [fill = 0]
                  700a8290    000000da     drivers.am64x.r5f.ti-arm-clang.debug.lib : sciclient_rm_irq.obj (.text.Sciclient_rmIrInpIsFree)
                  700a836a    00000006     --HOLE-- [fill = 0]
                  700a8370    000000da                                              : uart_v0.obj (.text.UART_intrDisable)
                  700a844a    00000006     --HOLE-- [fill = 0]
                  700a8450    000000da                                              : udma_rm.obj (.text.Udma_rmGetSciclientDefaultBoardCfgRmRange)
                  700a852a    00000006     --HOLE-- [fill = 0]
                  700a8530    000000d8     enet-icssg.am64x.r5f.ti-arm-clang.debug.lib : icssg_stats.obj (.text.Icssg_getStatsIoctlHandler)
                  700a8608    00000008     --HOLE-- [fill = 0]
                  700a8610    000000d8                                                 : icssg_tas.obj (.text.Icssg_getTasIoctlHandler)
                  700a86e8    00000008     --HOLE-- [fill = 0]
                  700a86f0    000000d8                                                 : icssg_timesync.obj (.text.Icssg_getTimeSyncIoctlHandler)
                  700a87c8    00000008     --HOLE-- [fill = 0]
                  700a87d0    000000d8     freertos.am64x.r5f.ti-arm-clang.debug.lib : tasks.obj (.text.xTaskRemoveFromEventList)
                  700a88a8    00000008     --HOLE-- [fill = 0]
                  700a88b0    000000d6     enet-icssg.am64x.r5f.ti-arm-clang.debug.lib : enetphy.obj (.text.EnetPhy_nwayWaitState)
                  700a8986    0000000a     --HOLE-- [fill = 0]
                  700a8990    000000d4     drivers.am64x.r5f.ti-arm-clang.debug.lib : csl_bcdma.obj (.text.CSL_bcdmaChanOpGetChanRT)
                  700a8a64    0000000c     --HOLE-- [fill = 0]
                  700a8a70    000000d4     enet-icssg.am64x.r5f.ti-arm-clang.debug.lib : enet_rm.obj (.text.EnetRm_freeResource)
                  700a8b44    0000000c     --HOLE-- [fill = 0]
                  700a8b50    000000d4     ti_enet_soc.o (.text.EnetSoc_getRxChPeerId)
                  700a8c24    0000000c     --HOLE-- [fill = 0]
                  700a8c30    000000d4     enet-icssg.am64x.r5f.ti-arm-clang.debug.lib : enet.obj (.text.Enet_getHandles)
                  700a8d04    0000000c     --HOLE-- [fill = 0]
                  700a8d10    000000d4                                                 : icssg_utils.obj (.text.IcssgUtils_getHwqNum)
                  700a8de4    0000000c     --HOLE-- [fill = 0]
                  700a8df0    000000d4     drivers.am64x.r5f.ti-arm-clang.debug.lib : pinmux.obj (.text.Pinmux_unlockMMR)
                  700a8ec4    0000000c     --HOLE-- [fill = 0]
                  700a8ed0    000000d4     freertos.am64x.r5f.ti-arm-clang.debug.lib : tasks.obj (.text.prvAddCurrentTaskToDelayedList)
                  700a8fa4    0000000c     --HOLE-- [fill = 0]
                  700a8fb0    000000d2     enet_layer2_icssg.o (.text.EnetMp_createRxTask)
                  700a9082    0000000e     --HOLE-- [fill = 0]
                  700a9090    000000d2     enet-icssg.am64x.r5f.ti-arm-clang.debug.lib : enet_udma_priv.obj (.text.EnetUdma_rxCqIsr)
                  700a9162    0000000e     --HOLE-- [fill = 0]
                  700a9170    000000d2                                                 : enet_udma_priv.obj (.text.EnetUdma_txCqIsr)
                  700a9242    0000000e     --HOLE-- [fill = 0]
                  700a9250    000000d2     drivers.am64x.r5f.ti-arm-clang.debug.lib : i2c_v0.obj (.text.I2C_close)
                  700a9322    00000002     --HOLE-- [fill = 0]
                  700a9324    000000d0     libc.a : sscanf.c.obj (.text._chkmbc)
                  700a93f4    0000000c     --HOLE-- [fill = 0]
                  700a9400    000000ce     enet-icssg.am64x.r5f.ti-arm-clang.debug.lib : enet_phymdio_dflt.obj (.text.EnetPhyMdioDflt_getIoctlHandlerFxn)
                  700a94ce    00000002     --HOLE-- [fill = 0]
                  700a94d0    000000ce                                                 : enet_rm_ioctl.obj (.text.EnetRm_allocResourceNode)
                  700a959e    00000002     --HOLE-- [fill = 0]
                  700a95a0    000000ce                                                 : enet_rm.obj (.text.EnetRm_getIoctlHandlerFxn)
                  700a966e    00000002     --HOLE-- [fill = 0]
                  700a9670    000000ce                                                 : mdio.obj (.text.Mdio_getIoctlHandlerFxn)
                  700a973e    00000002     --HOLE-- [fill = 0]
                  700a9740    000000ce     drivers.am64x.r5f.ti-arm-clang.debug.lib : pruicss_g_v0.obj (.text.PRUICSS_disableCore)
                  700a980e    00000002     --HOLE-- [fill = 0]
                  700a9810    000000ce                                              : pruicss_g_v0.obj (.text.PRUICSS_enableCore)
                  700a98de    00000002     --HOLE-- [fill = 0]
                  700a98e0    000000cc     enet-icssg.am64x.r5f.ti-arm-clang.debug.lib : icssg.obj (.text.Icssg_validateFlowId)
                  700a99ac    00000004     --HOLE-- [fill = 0]
                  700a99b0    000000cc     drivers.am64x.r5f.ti-arm-clang.debug.lib : udma_rm.obj (.text.Udma_rmAllocVintrBit)
                  700a9a7c    00000004     --HOLE-- [fill = 0]
                  700a9a80    000000cc     freertos.am64x.r5f.ti-arm-clang.debug.lib : queue.obj (.text.prvCopyDataToQueue)
                  700a9b4c    00000004     --HOLE-- [fill = 0]
                  700a9b50    000000ca     drivers.am64x.r5f.ti-arm-clang.debug.lib : csl_bcdma.obj (.text.CSL_bcdmaChanOpSetBurstSize)
                  700a9c1a    00000006     --HOLE-- [fill = 0]
                  700a9c20    000000ca     enet-icssg.am64x.r5f.ti-arm-clang.debug.lib : enet_udma.obj (.text.EnetDma_initTxChParams)
                  700a9cea    00000006     --HOLE-- [fill = 0]
                  700a9cf0    000000ca                                                 : enetphy.obj (.text.EnetPhy_getCapsString)
                  700a9dba    00000006     --HOLE-- [fill = 0]
                  700a9dc0    000000ca                                                 : enet_rm.obj (.text.EnetRm_getCoreResourceInfo)
                  700a9e8a    00000006     --HOLE-- [fill = 0]
                  700a9e90    000000ca                                                 : mdio_manual_ioctl.obj (.text.Mdio_manualModePhyRegReadC45)
                  700a9f5a    00000006     --HOLE-- [fill = 0]
                  700a9f60    000000ca     drivers.am64x.r5f.ti-arm-clang.debug.lib : udma_ring_common.obj (.text.Udma_ringCheckParams)
                  700aa02a    00000006     --HOLE-- [fill = 0]
                  700aa030    000000c8                                              : udma_event.obj (.text.Udma_eventCheckUnRegister)
                  700aa0f8    00000008     --HOLE-- [fill = 0]
                  700aa100    000000c8                                              : udma_ring_common.obj (.text.Udma_ringFree)
                  700aa1c8    000000c8     libc.a : getdevice.c.obj (.text.getdevice)
                  700aa290    000000c6     enet-icssg.am64x.r5f.ti-arm-clang.debug.lib : enet.obj (.text.Enet_getDmaHandle)
                  700aa356    0000000a     --HOLE-- [fill = 0]
                  700aa360    000000c6                                                 : icssg.obj (.text.Icssg_handleMdioLinkStateChange)
                  700aa426    0000000a     --HOLE-- [fill = 0]
                  700aa430    000000c6     drivers.am64x.r5f.ti-arm-clang.debug.lib : soc.obj (.text.SOC_isR5FDualCoreMode)
                  700aa4f6    0000000a     --HOLE-- [fill = 0]
                  700aa500    000000c6                                              : udma_event.obj (.text.Udma_eventUnRegister)
                  700aa5c6    0000000a     --HOLE-- [fill = 0]
                  700aa5d0    000000c4     ti_enet_config.o (.text.EnetCb_GetFwPoolMem)
                  700aa694    0000000c     --HOLE-- [fill = 0]
                  700aa6a0    000000c4     enet-icssg.am64x.r5f.ti-arm-clang.debug.lib : mdio_ioctl.obj (.text.Mdio_normal_ioctl_handler_ENET_MDIO_IOCTL_C45_READ)
                  700aa764    0000000c     --HOLE-- [fill = 0]
                  700aa770    000000c4                                                 : mdio.obj (.text.Mdio_setupNormalMode)
                  700aa834    0000000c     --HOLE-- [fill = 0]
                  700aa840    000000c4     drivers.am64x.r5f.ti-arm-clang.debug.lib : sciclient_rm_irq.obj (.text.Sciclient_rmIrqIsVintRouteSet)
                  700aa904    0000000c     --HOLE-- [fill = 0]
                  700aa910    000000c4                                              : uart_v0.obj (.text.UART_flushTxFifo)
                  700aa9d4    0000000c     --HOLE-- [fill = 0]
                  700aa9e0    000000c2                                              : uart_v0.obj (.text.UART_writePolling)
                  700aaaa2    0000000e     --HOLE-- [fill = 0]
                  700aaab0    000000c2                                              : udma_ch.obj (.text.Udma_chClose)
                  700aab72    0000000e     --HOLE-- [fill = 0]
                  700aab80    000000c0                                              : csl_bcdma.obj (.text.CSL_bcdmaChanOpAccessRemotePeerReg)
                  700aac40    000000c0     enet-icssg.am64x.r5f.ti-arm-clang.debug.lib : enet.obj (.text.Enet_registerEventCb)
                  700aad00    000000c0                                                 : icssg.obj (.text.Icssg_initPriorityRegen)
                  700aadc0    000000c0                                                 : mdio_ioctl.obj (.text.Mdio_normal_ioctl_handler_ENET_MDIO_IOCTL_C45_WRITE)
                  700aae80    000000c0     freertos.am64x.r5f.ti-arm-clang.debug.lib : printf.obj (.text._out_rev)
                  700aaf40    000000be     enet-icssg.am64x.r5f.ti-arm-clang.debug.lib : enetphy.obj (.text.EnetPhy_getLocalCaps)
                  700aaffe    00000002     --HOLE-- [fill = 0]
                  700ab000    000000be                                                 : enet_rm.obj (.text.EnetRm_initResourceQ)
                  700ab0be    00000002     --HOLE-- [fill = 0]
                  700ab0c0    000000bc     ti_enet_open_close.o (.text.EnetApp_openAllTxDmaChannels)
                  700ab17c    00000004     --HOLE-- [fill = 0]
                  700ab180    000000bc     enet-icssg.am64x.r5f.ti-arm-clang.debug.lib : enet_osal_dflt.obj (.text.EnetOsalDflt_initCfg)
                  700ab23c    00000004     --HOLE-- [fill = 0]
                  700ab240    000000ba                                                 : enet_apputils.obj (.text.EnetAppUtils_updatemacResPart)
                  700ab2fa    00000006     --HOLE-- [fill = 0]
                  700ab300    000000ba     ti_enet_soc.o (.text.EnetSoc_getTxChPeerId)
                  700ab3ba    00000006     --HOLE-- [fill = 0]
                  700ab3c0    000000ba     freertos.am64x.r5f.ti-arm-clang.debug.lib : timers.obj (.text.xTimerGenericCommand)
                  700ab47a    00000006     --HOLE-- [fill = 0]
                  700ab480    000000b8     ti_enet_open_close.o (.text.EnetApp_openAllRxDmaChannels)
                  700ab538    00000008     --HOLE-- [fill = 0]
                  700ab540    000000b8     enet-icssg.am64x.r5f.ti-arm-clang.debug.lib : mdio_manual_ioctl.obj (.text.Mdio_manual_ioctl_handler_ENET_MDIO_IOCTL_C45_WRITE)
                  700ab5f8    00000008     --HOLE-- [fill = 0]
                  700ab600    000000b6                                                 : csl_mdio.obj (.text.CSL_MDIO_phyRegRead2)
                  700ab6b6    0000000a     --HOLE-- [fill = 0]
                  700ab6c0    000000b6     drivers.am64x.r5f.ti-arm-clang.debug.lib : csl_pktdma.obj (.text.CSL_pktdmaAccessChanPeerReg)
                  700ab776    0000000a     --HOLE-- [fill = 0]
                  700ab780    000000b6     ti_enet_config.o (.text.EnetApp_getEnetInstInfo)
                  700ab836    0000000a     --HOLE-- [fill = 0]
                  700ab840    000000b6     enet_layer2_icssg.o (.text.EnetApp_updateIcssgInitCfg)
                  700ab8f6    0000000a     --HOLE-- [fill = 0]
                  700ab900    000000b6     enet-icssg.am64x.r5f.ti-arm-clang.debug.lib : mdio_manual_ioctl.obj (.text.Mdio_manual_ioctl_handler_ENET_MDIO_IOCTL_C45_READ)
                  700ab9b6    0000000a     --HOLE-- [fill = 0]
                  700ab9c0    000000b6     drivers.am64x.r5f.ti-arm-clang.debug.lib : uart_v0.obj (.text.UART_readPolling)
                  700aba76    0000000a     --HOLE-- [fill = 0]
                  700aba80    000000b4     enet-icssg.am64x.r5f.ti-arm-clang.debug.lib : enet_rm_ioctl.obj (.text.EnetRm_freeInternalRxFlowIdx)
                  700abb34    0000000c     --HOLE-- [fill = 0]
                  700abb40    000000b4                                                 : icssg.obj (.text.Icssg_close)
                  700abbf4    000000b4     libc.a : fclose.c.obj (.text.__TI_closefile)
                  700abca8    000000b4            : fseek.c.obj (.text.fseeko)
                  700abd5c    00000004     --HOLE-- [fill = 0]
                  700abd60    000000b2     ti_enet_open_close.o (.text.EnetApp_doIcssgOpen)
                  700abe12    0000000e     --HOLE-- [fill = 0]
                  700abe20    000000b2     enet-icssg.am64x.r5f.ti-arm-clang.debug.lib : enet.obj (.text.Enet_init)
                  700abed2    0000000e     --HOLE-- [fill = 0]
                  700abee0    000000b2     drivers.am64x.r5f.ti-arm-clang.debug.lib : sciclient.obj (.text.Sciclient_getCurrentContext)
                  700abf92    0000000e     --HOLE-- [fill = 0]
                  700abfa0    000000b2     ti_drivers_config.o (.text.System_init)
                  700ac052    0000000e     --HOLE-- [fill = 0]
                  700ac060    000000b0     enet-icssg.am64x.r5f.ti-arm-clang.debug.lib : csl_mdio.obj (.text.CSL_MDIO_phyInitiateRegWriteC45)
                  700ac110    000000b0                                                 : enet_queue.obj (.text.EnetQueue_deq)
                  700ac1c0    000000b0     ti_enet_soc.o (.text.EnetSoc_getRxFlowCount)
                  700ac270    000000b0     ti_enet_soc.o (.text.EnetSoc_getTxChCount)
                  700ac320    000000b0     enet-icssg.am64x.r5f.ti-arm-clang.debug.lib : enet.obj (.text.Enet_poll)
                  700ac3d0    000000b0                                                 : icssg_stats.obj (.text.IcssgStats_open)
                  700ac480    000000b0     drivers.am64x.r5f.ti-arm-clang.debug.lib : uart_v0.obj (.text.UART_init)
                  700ac530    000000b0                                              : udma_ch.obj (.text.Udma_chCheckParams)
                  700ac5e0    000000b0     enet_layer2_icssg.o (.text.set_priority_queue_mapping)
                  700ac690    000000b0     freertos.am64x.r5f.ti-arm-clang.debug.lib : queue.obj (.text.xQueueGenericReset)
                  700ac740    000000ae     ti_drivers_open_close.o (.text.Drivers_i2cOpen)
                  700ac7ee    00000002     --HOLE-- [fill = 0]
                  700ac7f0    000000ae     ti_enet_open_close.o (.text.EnetApp_closeTxDma)
                  700ac89e    00000002     --HOLE-- [fill = 0]
                  700ac8a0    000000ae     enet-icssg.am64x.r5f.ti-arm-clang.debug.lib : icssg_utils.obj (.text.IcssgUtils_hwqPop)
                  700ac94e    00000002     --HOLE-- [fill = 0]
                  700ac950    000000ae                                                 : icssg_utils.obj (.text.Icssg_R30SendSyncIoctl)
                  700ac9fe    00000002     --HOLE-- [fill = 0]
                  700aca00    000000ae                                                 : mdio.obj (.text.Mdio_close)
                  700acaae    00000002     --HOLE-- [fill = 0]
                  700acab0    000000ae     drivers.am64x.r5f.ti-arm-clang.debug.lib : udma_soc.obj (.text.Udma_getMappedChRingAttributes)
                  700acb5e    00000002     --HOLE-- [fill = 0]
                  700acb60    000000ae     freertos.am64x.r5f.ti-arm-clang.debug.lib : queue.obj (.text.prvUnlockQueue)
                  700acc0e    00000002     --HOLE-- [fill = 0]
                  700acc10    000000ac     ti_enet_config.o (.text.EnetApp_coreAttach)
                  700accbc    00000004     --HOLE-- [fill = 0]
                  700accc0    000000ac     ti_enet_config.o (.text.EnetApp_initializeMacAddrPool)
                  700acd6c    00000004     --HOLE-- [fill = 0]
                  700acd70    000000ac     enet-icssg.am64x.r5f.ti-arm-clang.debug.lib : enetphy.obj (.text.EnetPhy_nwayStartState)
                  700ace1c    00000004     --HOLE-- [fill = 0]
[...]
700d258c  TIMESYNC_EVENT_INTROUTER0_outl_15_15_to_PRU_ICSSG1_pr1_edc1_latch1_in_3_3     
700d2594  TIMESYNC_EVENT_INTROUTER0_outl_16_16_to_CPTS0_cpts_hw1_push_0_0               
700d259c  TIMESYNC_EVENT_INTROUTER0_outl_17_17_to_CPTS0_cpts_hw2_push_1_1               
700d25a4  TIMESYNC_EVENT_INTROUTER0_outl_18_18_to_CPTS0_cpts_hw3_push_2_2               
700d25ac  TIMESYNC_EVENT_INTROUTER0_outl_19_19_to_CPTS0_cpts_hw4_push_3_3               
700d25b4  TIMESYNC_EVENT_INTROUTER0_outl_20_20_to_CPTS0_cpts_hw5_push_4_4               
700d25bc  TIMESYNC_EVENT_INTROUTER0_outl_21_21_to_CPTS0_cpts_hw6_push_5_5               
700d25c4  TIMESYNC_EVENT_INTROUTER0_outl_22_22_to_CPTS0_cpts_hw7_push_6_6               
700d25cc  TIMESYNC_EVENT_INTROUTER0_outl_23_23_to_CPTS0_cpts_hw8_push_7_7               
700d25d4  TIMESYNC_EVENT_INTROUTER0_outl_29_29_to_PCIE0_pcie_cpts_hw2_push_0_0          
700d25dc  TIMESYNC_EVENT_INTROUTER0_outl_30_30_to_CPSW0_cpts_hw1_push_0_0               
700d25e4  TIMESYNC_EVENT_INTROUTER0_outl_31_31_to_CPSW0_cpts_hw2_push_1_1               
700d25ec  TIMESYNC_EVENT_INTROUTER0_outl_32_32_to_CPSW0_cpts_hw3_push_2_2               
700d25f4  TIMESYNC_EVENT_INTROUTER0_outl_33_33_to_CPSW0_cpts_hw4_push_3_3               
700d25fc  TIMESYNC_EVENT_INTROUTER0_outl_34_34_to_CPSW0_cpts_hw5_push_4_4               
700d2604  TIMESYNC_EVENT_INTROUTER0_outl_35_35_to_CPSW0_cpts_hw6_push_5_5               
700d260c  TIMESYNC_EVENT_INTROUTER0_outl_36_36_to_CPSW0_cpts_hw7_push_6_6               
700d2614  TIMESYNC_EVENT_INTROUTER0_outl_37_37_to_CPSW0_cpts_hw8_push_7_7               
700d261c  TIMESYNC_EVENT_INTROUTER0_outl_8_8_to_PRU_ICSSG0_pr1_edc0_latch0_in_0_0       
700d2624  TIMESYNC_EVENT_INTROUTER0_outl_9_9_to_PRU_ICSSG0_pr1_edc0_latch1_in_1_1       
700d263c  gEnetPhyDrvTbl                                                                
700d264c  tisci_if_GPIO0                                                                
700d2654  tisci_if_GPIO1                                                                
700d265c  tisci_if_MCU_GPIO0                                                            
700d2724  gRmIrqTreeCount                                                               
700d2728  tisci_if_EPWM0                                                                
700d272c  tisci_if_EPWM3                                                                
700d2730  tisci_if_EPWM6                                                                
700d2734  tisci_if_GPMC0                                                                
700d2738  tisci_if_GTC0                                                                 
700d273c  tisci_if_TIMER0                                                               
700d2740  tisci_if_TIMER1                                                               
700d2744  tisci_if_TIMER2                                                               
700d2748  tisci_if_TIMER3                                                               
700d274c  uxTopUsedPriority                                                             
700d2780  RX_PRU_SLICE0_b00_DMac                                                        
700d3a40  RX_PRU_SLICE1_b00_DMac                                                        
700d4d60  RTU0_SLICE0_b00_DMac                                                          
700d5970  RTU0_SLICE1_b00_DMac                                                          
700d6470  TX_PRU_SLICE0_b00_DMac                                                        
700d77d0  TX_PRU_SLICE1_b00_DMac                                                        
700d88e0  RX_PRU_SLICE0_b00_Swt                                                         
700da190  RX_PRU_SLICE1_b00_Swt                                                         
700dba90  RTU0_SLICE0_b00_Swt                                                           
700dc890  RTU0_SLICE1_b00_Swt                                                           
700dd584  TX_PRU_SLICE0_b00_Swt                                                         
700de7e8  TX_PRU_SLICE1_b00_Swt                                                         
700fef80  __BSS_START                                                                   
70101780  gMainTaskStack                                                                
70103780  gHwiCtrl                                                                      
701074e0  gEnetMp                                                                       
70109888  gUdmaDrvObj                                                                   
7010ac34  gEnetSoc_dmaObj                                                               
7010c19c  gEepromObject_AT24C                                                           
7010c4c8  _CIOBUF_                                                                      
7010c4c8  __CIOBUF_                                                                     
7010c5e8  gEnetMp_icssgPaStats                                                          
7010c808  xQueueRegistry                                                                
7010c908  gEnetMp_icssgStats                                                            
7010c9f8  gEnetUtilsObj                                                                 
7010cad0  __TI_tmpnams                                                                  
7010cb70  gTaskP_ctrl                                                                   
7010cdc0  gMainTaskObj                                                                  
7010ce4c  gRovDummyQueue                                                                
7010ce9c  gEnetOsalObj                                                                  
7010ced8  gClockCtrl                                                                    
7010cff0  virtToPhymap                                                                  
7010d000  IcssgUtils_BufPoolCfg                                                         
7010d008  gI2cHandle                                                                    
7010d010  parmbuf                                                                       
7010d030  gEepromHandle                                                                 
7010d034  gMainTask                                                                     
7010d038  gUartHandle                                                                   
7010d080  __BSS_END                                                                     
70119e20  _sys_memory                                                                   
7011a220  __stack                                                                       
7011c220  __STACK_END                                                                   
7011c240  gUartDmaConfig                                                                
7011d358  _ftable                                                                       
7011d6b8  vint_usage_count_DMASS0_INTAGGR_0                                             
7011da80  gPruIcssHwAttrs_ICSSG0                                                        
7011db84  _device                                                                       
7011dda4  gRmIrInstances                                                                
7011de04  gUdmaRmSharedResPrms                                                          
7011de5c  gEnetMacAddrPool                                                              
7011df04  gEnetSoc_perObj                                                               
7011dfac  gUartParams                                                                   
7011e000  _stream                                                                       
7011e1ac  count                                                                         
7011e1ec  gSocModulesClockFrequency                                                     
7011e280  gEnetPhyDrvDp83867                                                            
7011e2a8  gEnetPhyDrvGeneric                                                            
7011e2d0  Icssq_FwPoolMemInfo                                                           
7011e2f0  gRmIaInstances                                                                
7011e310  gSciclientSecProxyCfg                                                         
7011e330  gClockConfig                                                                  
7011e3c0  gI2cParams                                                                    
7011e408  gSocModules                                                                   
7011e430  IcssgUtils_R30DmemAddr                                                        
7011e450  gEepromFxns_AT24C                                                             
7011e460  gEnetSoc_PruIcssg0                                                            
7011e470  gEnetSoc_PruIcssg1                                                            
7011e480  gI2cConfig                                                                    
7011e4bc  gAddrTranslateConfig                                                          
7011e4c8  gEepromAttrs_AT24C                                                            
7011e4d4  gEepromConfig                                                                 
7011e4e0  __TI_cleanup_ptr                                                              
7011e4e4  __TI_dtors_ptr                                                                
7011e4f8  gEepromParams                                                                 
7011e500  gEnetSoc_dmaObjMemInfo                                                        
7011e508  gPruIcssConfig                                                                
7011e518  gUartConfig                                                                   
7011e538  FreeRTOS_errno                                                                
7011e53c  __TI_ft_end                                                                   
7011e540  __aeabi_errno                                                                 
7011e544  _lock                                                                         
7011e548  _unlock                                                                       
7011e550  gDebugLogZone                                                                 
7011e554  gDebugP_uartDrvIndex                                                          
7011e558  gEepromConfigNum                                                              
7011e55c  gEnetOsalHwiAllocCnt                                                          
7011e560  gEnetOsalHwiPeak                                                              
7011e564  gEnetOsalSemAllocCnt                                                          
7011e568  gEnetOsalSemPeak                                                              
7011e56c  gHwiConfig                                                                    
7011e570  gI2cConfigNum                                                                 
7011e574  gPruIcssConfigNum                                                             
7011e578  gUartConfigNum                                                                
7011e57c  gUartDmaConfigNum                                                             
7011e588  pxCurrentTCB                                                                  
7011e58c  reqTs                                                                         
7011e590  ulPortInterruptNesting                                                        
7011e594  ulPortSchedularRunning                                                        
7011e598  ulPortTaskHasFPUContext                                                       
7011e59c  ulPortYieldRequired                                                           
7011e5f4  gEnetTrace_runtimeLevel                                                       
7011e5f6  isMapAvailable                                                                
7011e601  HwiP_enableInt                                                                
7011e641  HwiP_disableInt                                                               
7011e6a1  HwiP_restoreInt                                                               
7011e6d1  HwiP_clearInt                                                                 
7011e711  HwiP_post                                                                     
7011e751  HwiP_Params_init                                                              
7011e781  HwiP_construct                                                                
7011e981  HwiP_destruct                                                                 
7011e9f1  HwiP_init                                                                     
7011eba1  HwiP_inISR                                                                    
7011ebd1  HwiP_irq_handler_c                                                            
7011ed11  HwiP_fiq_handler                                                              
7011ee81  HwiP_reserved_handler                                                         
7011eec1  HwiP_undefined_handler                                                        
7011ef01  HwiP_prefetch_abort_handler                                                   
7011ef41  HwiP_data_abort_handler_c                                                     
7011ef74  vPortRestoreTaskContext                                                       
7011efac  HwiP_svc_handler                                                              
7011f01c  HwiP_irq_handler                                                              
7011f160  HwiP_disable                                                                  
7011f170  HwiP_disableFIQ                                                               
7011f180  HwiP_enable                                                                   
7011f190  HwiP_enableFIQ                                                                
7011f1a0  HwiP_restore                                                                  
7011f1a8  HwiP_enableVIC                                                                
7011f1b8  HwiP_disableVIC                                                               
7011f1c8  HwiP_getCPSR                                                                  
7011f1d0  HwiP_data_abort_handler                                                       
7011f220  CacheP_disableL1d                                                             
7011f248  CacheP_disableL1p                                                             
7011f260  CacheP_enableL1d                                                              
7011f278  CacheP_enableL1p                                                              
7011f290  CacheP_invL1d                                                                 
7011f2c8  CacheP_invL1p                                                                 
7011f304  CacheP_invL1dAll                                                              
7011f30c  CacheP_invL1pAll                                                              
7011f314  CacheP_wb                                                                     
7011f350  CacheP_wbInv                                                                  
7011f38c  CacheP_wbAll                                                                  
7011f434  CacheP_wbInvAll                                                               
7011f44c  CacheP_wbInvAllAsm                                                            
7011f4ec  CacheP_getEnabled                                                             
7011f524  CacheP_getCacheLevelInfo                                                      
7011f530  CacheP_configForceWrThru                                                      
7011f550  CacheP_setDLFO                                                                
7011f561  CacheP_init                                                                   
7011f5f1  CacheP_disable                                                                
7011f641  CacheP_enable                                                                 
7011f681  CacheP_inv                                                                    
7011f6c1  MpuP_RegionAttrs_init                                                         
7011f6f1  MpuP_setRegion                                                                
7011f7e1  MpuP_isEnable                                                                 
7011f7f1  MpuP_disable                                                                  
7011f831  MpuP_enable                                                                   
7011f871  MpuP_init                                                                     
7011f908  MpuP_disableAsm                                                               
7011f920  MpuP_disableBRAsm                                                             
7011f930  MpuP_enableAsm                                                                
7011f948  MpuP_enableBRAsm                                                              
7011f958  MpuP_isEnableAsm                                                              
7011f96c  MpuP_setRegionAsm                                                             
7011f980  _c_int00_sbl                                                                  
7011f9a4  _c_int00                                                                      
7011fa81  _DebugP_assertNoLog                                                           
7011fab1  __mpu_init                                                                    
7011fac0  C$$EXIT                                                                       
7011fac0  abort                                                                         
7011fac8  __IRQ_STACK_START                                                             
7011fbc8  __FIQ_STACK_START                                                             
7011fbc8  __IRQ_STACK_END                                                               
7011fcc8  __FIQ_STACK_END                                                               
7011fcc8  __SVC_STACK_START                                                             
70120cc8  __ABORT_STACK_START                                                           
70120cc8  __SVC_STACK_END                                                               
70120dc8  __ABORT_STACK_END                                                             
70120dc8  __UNDEFINED_STACK_START                                                       
70120ec8  __UNDEFINED_STACK_END                                                         
ffffffff  __TI_pprof_out_hndl                                                           
ffffffff  __TI_prof_data_size                                                           
ffffffff  __TI_prof_data_start                                                          
ffffffff  __binit__                                                                     
ffffffff  binit                                                                         
UNDEFED   __TI_CINIT_Base                                                               
UNDEFED   __TI_CINIT_Limit                                                              
UNDEFED   __TI_Handler_Table_Base                                                       
UNDEFED   __TI_Handler_Table_Limit                                                      
UNDEFED   _system_post_cinit                                                            

[1229 symbols]
